Archive member included because of file (symbol)

c:/program files (x86)/atmel/atmel toolchain/arm gcc/native/4.8.1443/arm-gnu-toolchain/bin/../lib/gcc/arm-none-eabi/4.8.4/armv6-m\libgcc.a(_udivsi3.o)
                              src/ASF/sam0/drivers/sercom/i2c/i2c_samd21_r21_d10_d11_l21/i2c_master.o (__aeabi_uidiv)
c:/program files (x86)/atmel/atmel toolchain/arm gcc/native/4.8.1443/arm-gnu-toolchain/bin/../lib/gcc/arm-none-eabi/4.8.4/armv6-m\libgcc.a(_dvmd_tls.o)
                              c:/program files (x86)/atmel/atmel toolchain/arm gcc/native/4.8.1443/arm-gnu-toolchain/bin/../lib/gcc/arm-none-eabi/4.8.4/armv6-m\libgcc.a(_udivsi3.o) (__aeabi_idiv0)
c:/program files (x86)/atmel/atmel toolchain/arm gcc/native/4.8.1443/arm-gnu-toolchain/bin/../lib/gcc/arm-none-eabi/4.8.4/armv6-m\libgcc.a(_muldi3.o)
                              src/ASF/sam0/drivers/sercom/sercom.o (__aeabi_lmul)
c:/program files (x86)/atmel/atmel toolchain/arm gcc/native/4.8.1443/arm-gnu-toolchain/bin/../lib/gcc/arm-none-eabi/4.8.4/armv6-m\libgcc.a(divsf3.o)
                              src/Calculation.o (__aeabi_fdiv)
c:/program files (x86)/atmel/atmel toolchain/arm gcc/native/4.8.1443/arm-gnu-toolchain/bin/../lib/gcc/arm-none-eabi/4.8.4/armv6-m\libgcc.a(mulsf3.o)
                              src/Calculation.o (__aeabi_fmul)
c:/program files (x86)/atmel/atmel toolchain/arm gcc/native/4.8.1443/arm-gnu-toolchain/bin/../lib/gcc/arm-none-eabi/4.8.4/armv6-m\libgcc.a(subsf3.o)
                              src/Calculation.o (__aeabi_fsub)
c:/program files (x86)/atmel/atmel toolchain/arm gcc/native/4.8.1443/arm-gnu-toolchain/bin/../lib/gcc/arm-none-eabi/4.8.4/armv6-m\libgcc.a(floatsisf.o)
                              src/Calculation.o (__aeabi_i2f)
c:/program files (x86)/atmel/atmel toolchain/arm gcc/native/4.8.1443/arm-gnu-toolchain/bin/../lib/gcc/arm-none-eabi/4.8.4/armv6-m\libgcc.a(floatunsisf.o)
                              src/Calculation.o (__aeabi_ui2f)
c:/program files (x86)/atmel/atmel toolchain/arm gcc/native/4.8.1443/arm-gnu-toolchain/bin/../lib/gcc/arm-none-eabi/4.8.4/armv6-m\libgcc.a(_clzsi2.o)
                              c:/program files (x86)/atmel/atmel toolchain/arm gcc/native/4.8.1443/arm-gnu-toolchain/bin/../lib/gcc/arm-none-eabi/4.8.4/armv6-m\libgcc.a(divsf3.o) (__clzsi2)
c:/program files (x86)/atmel/atmel toolchain/arm gcc/native/4.8.1443/arm-gnu-toolchain/bin/../lib/gcc/arm-none-eabi/4.8.4/../../../../arm-none-eabi/lib/armv6-m\libc_s.a(lib_a-exit.o)
                              c:/program files (x86)/atmel/atmel toolchain/arm gcc/native/4.8.1443/arm-gnu-toolchain/bin/../lib/gcc/arm-none-eabi/4.8.4/../../../../arm-none-eabi/lib/armv6-m/crt0.o (exit)
c:/program files (x86)/atmel/atmel toolchain/arm gcc/native/4.8.1443/arm-gnu-toolchain/bin/../lib/gcc/arm-none-eabi/4.8.4/../../../../arm-none-eabi/lib/armv6-m\libc_s.a(lib_a-impure.o)
                              c:/program files (x86)/atmel/atmel toolchain/arm gcc/native/4.8.1443/arm-gnu-toolchain/bin/../lib/gcc/arm-none-eabi/4.8.4/../../../../arm-none-eabi/lib/armv6-m\libc_s.a(lib_a-exit.o) (_global_impure_ptr)
c:/program files (x86)/atmel/atmel toolchain/arm gcc/native/4.8.1443/arm-gnu-toolchain/bin/../lib/gcc/arm-none-eabi/4.8.4/../../../../arm-none-eabi/lib/armv6-m\libc_s.a(lib_a-init.o)
                              c:/program files (x86)/atmel/atmel toolchain/arm gcc/native/4.8.1443/arm-gnu-toolchain/bin/../lib/gcc/arm-none-eabi/4.8.4/../../../../arm-none-eabi/lib/armv6-m/crt0.o (__libc_init_array)
c:/program files (x86)/atmel/atmel toolchain/arm gcc/native/4.8.1443/arm-gnu-toolchain/bin/../lib/gcc/arm-none-eabi/4.8.4/../../../../arm-none-eabi/lib/armv6-m\libc_s.a(lib_a-memcpy-stub.o)
                              src/ASF/sam0/drivers/sercom/sercom_interrupt.o (memcpy)
c:/program files (x86)/atmel/atmel toolchain/arm gcc/native/4.8.1443/arm-gnu-toolchain/bin/../lib/gcc/arm-none-eabi/4.8.4/../../../../arm-none-eabi/lib/armv6-m\libc_s.a(lib_a-memset.o)
                              c:/program files (x86)/atmel/atmel toolchain/arm gcc/native/4.8.1443/arm-gnu-toolchain/bin/../lib/gcc/arm-none-eabi/4.8.4/../../../../arm-none-eabi/lib/armv6-m/crt0.o (memset)
c:/program files (x86)/atmel/atmel toolchain/arm gcc/native/4.8.1443/arm-gnu-toolchain/bin/../lib/gcc/arm-none-eabi/4.8.4/../../../../arm-none-eabi/lib/armv6-m\libc_s.a(lib_a-printf.o)
                              src/ASF/sam0/utils/syscalls/gcc/syscalls.o (printf)
c:/program files (x86)/atmel/atmel toolchain/arm gcc/native/4.8.1443/arm-gnu-toolchain/bin/../lib/gcc/arm-none-eabi/4.8.4/../../../../arm-none-eabi/lib/armv6-m\libc_s.a(lib_a-vfprintf.o)
                              c:/program files (x86)/atmel/atmel toolchain/arm gcc/native/4.8.1443/arm-gnu-toolchain/bin/../lib/gcc/arm-none-eabi/4.8.4/../../../../arm-none-eabi/lib/armv6-m\libc_s.a(lib_a-printf.o) (_vfprintf_r)
[...]
Memory Configuration

Name             Origin             Length             Attributes
rom              0x00000000         0x00040000         xr
ram              0x20000000         0x00008000         xrw
*default*        0x00000000         0xffffffff

Linker script and memory map

LOAD c:/program files (x86)/atmel/atmel toolchain/arm gcc/native/4.8.1443/arm-gnu-toolchain/bin/../lib/gcc/arm-none-eabi/4.8.4/armv6-m/crti.o
LOAD c:/program files (x86)/atmel/atmel toolchain/arm gcc/native/4.8.1443/arm-gnu-toolchain/bin/../lib/gcc/arm-none-eabi/4.8.4/armv6-m/crtbegin.o
LOAD c:/program files (x86)/atmel/atmel toolchain/arm gcc/native/4.8.1443/arm-gnu-toolchain/bin/../lib/gcc/arm-none-eabi/4.8.4/../../../../arm-none-eabi/lib/armv6-m/crt0.o
LOAD src/ASF/sam0/drivers/sercom/i2c/i2c_samd21_r21_d10_d11_l21/i2c_master.o
LOAD src/Calibration.o
LOAD src/EEProm.o
LOAD src/UserInterface.o
LOAD src/ASF/sam0/drivers/sercom/sercom.o
LOAD src/ASF/sam0/drivers/sercom/sercom_interrupt.o
LOAD src/ASF/sam0/drivers/sercom/usart/usart.o
LOAD src/ASF/sam0/drivers/sercom/usart/usart_interrupt.o
LOAD src/ASF/sam0/utils/stdio/read.o
LOAD src/ASF/sam0/utils/stdio/write.o
LOAD src/Calculation.o
LOAD src/CharLCD.o
LOAD src/Delay.o
LOAD src/ExtADC.o
LOAD src/LCDAdvanced.o
LOAD src/MatrixKeypad.o
LOAD src/S_GCLOCK.o
LOAD src/S_PORT.o
LOAD src/S_SPI.o
LOAD src/S_TIMER.o
LOAD src/ASF/common/utils/interrupt/interrupt_sam_nvic.o
LOAD src/ASF/sam0/boards/samd21_xplained_pro/board_init.o
LOAD src/ASF/sam0/drivers/port/port.o
LOAD src/ASF/sam0/drivers/system/clock/clock_samd21_r21/clock.o
LOAD src/ASF/sam0/drivers/system/clock/clock_samd21_r21/gclk.o
LOAD src/ASF/sam0/drivers/system/interrupt/system_interrupt.o
LOAD src/ASF/sam0/drivers/system/pinmux/pinmux.o
LOAD src/ASF/sam0/drivers/system/system.o
LOAD src/ASF/sam0/utils/cmsis/samd21/source/gcc/startup_samd21.o
LOAD src/ASF/sam0/utils/cmsis/samd21/source/system_samd21.o
LOAD src/ASF/sam0/utils/syscalls/gcc/syscalls.o
LOAD src/Main.o
START GROUP
LOAD ../src/ASF/thirdparty/CMSIS/Lib/GCC\libarm_cortexM0l_math.a
LOAD c:/program files (x86)/atmel/atmel toolchain/arm gcc/native/4.8.1443/arm-gnu-toolchain/bin/../lib/gcc/arm-none-eabi/4.8.4/../../../../arm-none-eabi/lib/armv6-m\libm.a
END GROUP
START GROUP
LOAD c:/program files (x86)/atmel/atmel toolchain/arm gcc/native/4.8.1443/arm-gnu-toolchain/bin/../lib/gcc/arm-none-eabi/4.8.4/armv6-m\libgcc.a
LOAD c:/program files (x86)/atmel/atmel toolchain/arm gcc/native/4.8.1443/arm-gnu-toolchain/bin/../lib/gcc/arm-none-eabi/4.8.4/../../../../arm-none-eabi/lib/armv6-m\libc_s.a
END GROUP
START GROUP
LOAD c:/program files (x86)/atmel/atmel toolchain/arm gcc/native/4.8.1443/arm-gnu-toolchain/bin/../lib/gcc/arm-none-eabi/4.8.4/armv6-m\libgcc.a
LOAD c:/program files (x86)/atmel/atmel toolchain/arm gcc/native/4.8.1443/arm-gnu-toolchain/bin/../lib/gcc/arm-none-eabi/4.8.4/../../../../arm-none-eabi/lib/armv6-m\libc_s.a
END GROUP
LOAD c:/program files (x86)/atmel/atmel toolchain/arm gcc/native/4.8.1443/arm-gnu-toolchain/bin/../lib/gcc/arm-none-eabi/4.8.4/armv6-m/crtend.o
LOAD c:/program files (x86)/atmel/atmel toolchain/arm gcc/native/4.8.1443/arm-gnu-toolchain/bin/../lib/gcc/arm-none-eabi/4.8.4/armv6-m/crtn.o
                0x00002000                STACK_SIZE = DEFINED (STACK_SIZE)?STACK_SIZE:DEFINED (__stack_size__)?__stack_size__:0x2000

.text           0x00000000     0x295c
                0x00000000                . = ALIGN (0x4)
                0x00000000                _sfixed = .
 *(.vectors .vectors.*)
 .vectors       0x00000000       0xb0 src/ASF/sam0/utils/cmsis/samd21/source/gcc/startup_samd21.o
                0x00000000                exception_table
 *(.text .text.* .gnu.linkonce.t.*)
 .text          0x000000b0       0x60 c:/program files (x86)/atmel/atmel toolchain/arm gcc/native/4.8.1443/arm-gnu-toolchain/bin/../lib/gcc/arm-none-eabi/4.8.4/armv6-m/crtbegin.o
 .text.i2c_master_init
                0x00000110      0x1b0 src/ASF/sam0/drivers/sercom/i2c/i2c_samd21_r21_d10_d11_l21/i2c_master.o
                0x00000110                i2c_master_init
 .text.Cal_Disp2Points
                0x000002c0       0x4c src/Calibration.o
                0x000002c0                Cal_Disp2Points
 .text.Cal_AbsEdit
                0x0000030c       0x88 src/Calibration.o
                0x0000030c                Cal_AbsEdit
 .text.Calibrate_AbsPres
                0x00000394       0xd8 src/Calibration.o
                0x00000394                Calibrate_AbsPres
 .text.DoCalibration
                0x0000046c       0x58 src/Calibration.o
                0x0000046c                DoCalibration
 .text.CalibrationModeChk
                0x000004c4       0xf4 src/Calibration.o
                0x000004c4                CalibrationModeChk
 .text._i2c_master_wait_for_sync
                0x000005b8        0xc src/EEProm.o
 .text.configure_EEPROM
                0x000005c4       0xbc src/EEProm.o
                0x000005c4                configure_EEPROM
 .text.CheckDigitBound
                0x00000680       0x18 src/UserInterface.o
                0x00000680                CheckDigitBound
 .text.SplitNumbertoDigits
                0x00000698       0x40 src/UserInterface.o
                0x00000698                SplitNumbertoDigits
 .text.LCD_DispVariable
                0x000006d8       0xd0 src/UserInterface.o
                0x000006d8                LCD_DispVariable
 .text.CombineDigitstoNumber
                0x000007a8       0x88 src/UserInterface.o
                0x000007a8                CombineDigitstoNumber
 .text.GetNumDataFromUser
                0x00000830      0x19c src/UserInterface.o
                0x00000830                GetNumDataFromUser
 .text.GetNumDataFromUserWithESC
                0x000009cc      0x19c src/UserInterface.o
                0x000009cc                GetNumDataFromUserWithESC
 .text.sercom_set_gclk_generator
                0x00000b68       0x50 src/ASF/sam0/drivers/sercom/sercom.o
                0x00000b68                sercom_set_gclk_generator
 .text._sercom_get_default_pad
                0x00000bb8      0x188 src/ASF/sam0/drivers/sercom/sercom.o
                0x00000bb8                _sercom_get_default_pad
 .text._sercom_get_sercom_inst_index
                0x00000d40       0x3c src/ASF/sam0/drivers/sercom/sercom.o
                0x00000d40                _sercom_get_sercom_inst_index
 .text.SERCOM0_Handler
                0x00000d7c       0x10 src/ASF/sam0/drivers/sercom/sercom_interrupt.o
                0x00000d7c                SERCOM0_Handler
 .text.SERCOM1_Handler
                0x00000d8c       0x10 src/ASF/sam0/drivers/sercom/sercom_interrupt.o
                0x00000d8c                SERCOM1_Handler
 .text.SERCOM2_Handler
                0x00000d9c       0x10 src/ASF/sam0/drivers/sercom/sercom_interrupt.o
                0x00000d9c                SERCOM2_Handler
 .text.SERCOM3_Handler
                0x00000dac       0x10 src/ASF/sam0/drivers/sercom/sercom_interrupt.o
                0x00000dac                SERCOM3_Handler
 .text.SERCOM4_Handler
                0x00000dbc       0x10 src/ASF/sam0/drivers/sercom/sercom_interrupt.o
                0x00000dbc                SERCOM4_Handler
 .text.SERCOM5_Handler
                0x00000dcc       0x10 src/ASF/sam0/drivers/sercom/sercom_interrupt.o
                0x00000dcc                SERCOM5_Handler
 .text.PulseLCD_EN
                0x00000ddc       0x24 src/CharLCD.o
                0x00000ddc                PulseLCD_EN
 .text.write4bits
                0x00000e00       0x58 src/CharLCD.o
                0x00000e00                write4bits
 .text.checkbusy
                0x00000e58       0x98 src/CharLCD.o
                0x00000e58                checkbusy
 .text.LCD_DataWrite
                0x00000ef0       0x34 src/CharLCD.o
                0x00000ef0                LCD_DataWrite
 .text.LCD_Print
                0x00000f24       0x1c src/CharLCD.o
                0x00000f24                LCD_Print
 .text.LCD_DispAscii
                0x00000f40       0x10 src/CharLCD.o
                0x00000f40                LCD_DispAscii
 .text.LCD_CmdWrite
                0x00000f50       0x30 src/CharLCD.o
                0x00000f50                LCD_CmdWrite
 .text.LCD_Setcursor
                0x00000f80       0x44 src/CharLCD.o
                0x00000f80                LCD_Setcursor
 .text.LCD_FullDisp
                0x00000fc4       0x40 src/CharLCD.o
                0x00000fc4                LCD_FullDisp
 .text.LCD_OneLine
                0x00001004       0x58 src/CharLCD.o
                0x00001004                LCD_OneLine
 .text.LCD_build
                0x0000105c       0x2c src/CharLCD.o
                0x0000105c                LCD_build
 .text.LCD_Frame1
                0x00001088       0x64 src/CharLCD.o
                0x00001088                LCD_Frame1
 .text.LCD_CursorOn
                0x000010ec       0x10 src/CharLCD.o
                0x000010ec                LCD_CursorOn
 .text.LCD_CursorOff
                0x000010fc       0x10 src/CharLCD.o
                0x000010fc                LCD_CursorOff
 .text.LCD_Clrscr
                0x0000110c       0x14 src/CharLCD.o
                0x0000110c                LCD_Clrscr
 .text.LCD_PowerOff
                0x00001120       0x18 src/CharLCD.o
                0x00001120                LCD_PowerOff
 .text.LCD_PowerOn
                0x00001138       0x18 src/CharLCD.o
                0x00001138                LCD_PowerOn
 .text.LCD_Init
                0x00001150       0xd0 src/CharLCD.o
                0x00001150                LCD_Init
 .text.delay_1us
                0x00001220       0x20 src/Delay.o
                0x00001220                delay_1us
 .text.delay_us
                0x00001240       0x24 src/Delay.o
                0x00001240                delay_us
 .text.delay_1ms
                0x00001264       0x14 src/Delay.o
                0x00001264                delay_1ms
 .text.delay_ms
                0x00001278       0x24 src/Delay.o
                0x00001278                delay_ms
 .text.delay_sec
                0x0000129c       0x38 src/Delay.o
                0x0000129c                delay_sec
 .text.LCD_DispFourOptionsIncrementingFrom
                0x000012d4       0x30 src/LCDAdvanced.o
                0x000012d4                LCD_DispFourOptionsIncrementingFrom
 .text.LCD_DispMenuArrow
                0x00001304       0x44 src/LCDAdvanced.o
                0x00001304                LCD_DispMenuArrow
 .text.LCD_MenuHandle
                0x00001348      0x130 src/LCDAdvanced.o
                0x00001348                LCD_MenuHandle
 .text.LCD_HorizCurPos
                0x00001478       0x50 src/LCDAdvanced.o
                0x00001478                LCD_HorizCurPos
 .text.LCD_HorizontalScroll
                0x000014c8      0x110 src/LCDAdvanced.o
                0x000014c8                LCD_HorizontalScroll
 .text.Config_MatrixKeypad
                0x000015d8       0x28 src/MatrixKeypad.o
                0x000015d8                Config_MatrixKeypad
 .text.ClearKeys
                0x00001600       0x34 src/MatrixKeypad.o
                0x00001600                ClearKeys
 .text.KeyDetected
                0x00001634       0x3c src/MatrixKeypad.o
                0x00001634                KeyDetected
 .text.Keyscan  0x00001670       0xf8 src/MatrixKeypad.o
                0x00001670                Keyscan
 .text.KeyscanWORelese
                0x00001768       0xe8 src/MatrixKeypad.o
                0x00001768                KeyscanWORelese
 .text.ReleaseKey
                0x00001850       0x20 src/MatrixKeypad.o
                0x00001850                ReleaseKey
 .text.WaitforAnyKey
                0x00001870       0x20 src/MatrixKeypad.o
                0x00001870                WaitforAnyKey
 .text.AnykeyPulse
                0x00001890       0x14 src/MatrixKeypad.o
                0x00001890                AnykeyPulse
 .text.pinMode  0x000018a4      0x104 src/S_PORT.o
                0x000018a4                pinMode
 .text.digitalWrite
                0x000019a8       0x34 src/S_PORT.o
                0x000019a8                digitalWrite
 .text.digitalRead
                0x000019dc       0x24 src/S_PORT.o
                0x000019dc                digitalRead
 .text.cpu_irq_enter_critical
                0x00001a00       0x40 src/ASF/common/utils/interrupt/interrupt_sam_nvic.o
                0x00001a00                cpu_irq_enter_critical
 .text.cpu_irq_leave_critical
                0x00001a40       0x30 src/ASF/common/utils/interrupt/interrupt_sam_nvic.o
                0x00001a40                cpu_irq_leave_critical
 .text.system_board_init
                0x00001a70       0x38 src/ASF/sam0/boards/samd21_xplained_pro/board_init.o
                0x00001a70                board_init
                0x00001a70                system_board_init
 .text.port_pin_set_config
                0x00001aa8       0x24 src/ASF/sam0/drivers/port/port.o
                0x00001aa8                port_pin_set_config
 .text.system_clock_source_get_hz
                0x00001acc       0x90 src/ASF/sam0/drivers/system/clock/clock_samd21_r21/clock.o
                0x00001acc                system_clock_source_get_hz
 .text.system_clock_source_osc8m_set_config
                0x00001b5c       0x3c src/ASF/sam0/drivers/system/clock/clock_samd21_r21/clock.o
                0x00001b5c                system_clock_source_osc8m_set_config
 .text.system_clock_source_xosc32k_set_config
                0x00001b98       0xb4 src/ASF/sam0/drivers/system/clock/clock_samd21_r21/clock.o
                0x00001b98                system_clock_source_xosc32k_set_config
 .text.system_clock_source_dfll_set_config
                0x00001c4c       0x70 src/ASF/sam0/drivers/system/clock/clock_samd21_r21/clock.o
                0x00001c4c                system_clock_source_dfll_set_config
 .text.system_clock_source_enable
                0x00001cbc       0xa0 src/ASF/sam0/drivers/system/clock/clock_samd21_r21/clock.o
                0x00001cbc                system_clock_source_enable
 .text.system_clock_init
                0x00001d5c      0x174 src/ASF/sam0/drivers/system/clock/clock_samd21_r21/clock.o
                0x00001d5c                system_clock_init
 .text.system_gclk_init
                0x00001ed0       0x24 src/ASF/sam0/drivers/system/clock/clock_samd21_r21/gclk.o
                0x00001ed0                system_gclk_init
 .text.system_gclk_gen_set_config
                0x00001ef4       0xb4 src/ASF/sam0/drivers/system/clock/clock_samd21_r21/gclk.o
                0x00001ef4                system_gclk_gen_set_config
 .text.system_gclk_gen_enable
                0x00001fa8       0x44 src/ASF/sam0/drivers/system/clock/clock_samd21_r21/gclk.o
                0x00001fa8                system_gclk_gen_enable
 .text.system_gclk_gen_get_hz
                0x00001fec       0x8c src/ASF/sam0/drivers/system/clock/clock_samd21_r21/gclk.o
                0x00001fec                system_gclk_gen_get_hz
 .text.system_gclk_chan_enable
                0x00002078       0x30 src/ASF/sam0/drivers/system/clock/clock_samd21_r21/gclk.o
                0x00002078                system_gclk_chan_enable
 .text.system_gclk_chan_disable
                0x000020a8       0x5c src/ASF/sam0/drivers/system/clock/clock_samd21_r21/gclk.o
                0x000020a8                system_gclk_chan_disable
 .text.system_gclk_chan_set_config
                0x00002104       0x1c src/ASF/sam0/drivers/system/clock/clock_samd21_r21/gclk.o
                0x00002104                system_gclk_chan_set_config
 .text.system_gclk_chan_get_hz
                0x00002120       0x34 src/ASF/sam0/drivers/system/clock/clock_samd21_r21/gclk.o
                0x00002120                system_gclk_chan_get_hz
 .text._system_pinmux_config
                0x00002154       0x8c src/ASF/sam0/drivers/system/pinmux/pinmux.o
 .text.system_pinmux_pin_set_config
                0x000021e0       0x2c src/ASF/sam0/drivers/system/pinmux/pinmux.o
                0x000021e0                system_pinmux_pin_set_config
 .text._system_dummy_init
                0x0000220c        0x4 src/ASF/sam0/drivers/system/system.o
                0x0000220c                _system_events_init
                0x0000220c                _system_dummy_init
                0x0000220c                _system_extint_init
 .text.system_init
                0x00002210       0x24 src/ASF/sam0/drivers/system/system.o
                0x00002210                system_init
 .text.Dummy_Handler
                0x00002234        0x4 src/ASF/sam0/utils/cmsis/samd21/source/gcc/startup_samd21.o
                0x00002234                DMAC_Handler
                0x00002234                HardFault_Handler
                0x00002234                AC_Handler
                0x00002234                SysTick_Handler
                0x00002234                PendSV_Handler
                0x00002234                NMI_Handler
                0x00002234                TC7_Handler
                0x00002234                ADC_Handler
                0x00002234                TCC1_Handler
                0x00002234                TCC0_Handler
                0x00002234                RTC_Handler
                0x00002234                EIC_Handler
                0x00002234                TC6_Handler
                0x00002234                WDT_Handler
                0x00002234                TC4_Handler
                0x00002234                USB_Handler
                0x00002234                TC3_Handler
                0x00002234                Dummy_Handler
                0x00002234                PM_Handler
                0x00002234                SVC_Handler
                0x00002234                TCC2_Handler
                0x00002234                EVSYS_Handler
                0x00002234                I2S_Handler
                0x00002234                NVMCTRL_Handler
                0x00002234                DAC_Handler
                0x00002234                PTC_Handler
                0x00002234                TC5_Handler
                0x00002234                SYSCTRL_Handler
 .text.Reset_Handler
                0x00002238       0xe0 src/ASF/sam0/utils/cmsis/samd21/source/gcc/startup_samd21.o
                0x00002238                Reset_Handler
 .text.Config_LCD
                0x00002318       0x38 src/Main.o
                0x00002318                Config_LCD
 .text.Disp_IntroLcdMsgs
                0x00002350       0x8c src/Main.o
                0x00002350                Disp_IntroLcdMsgs
 .text.main     0x000023dc       0xd4 src/Main.o
                0x000023dc                main
 .text          0x000024b0       0x9c c:/program files (x86)/atmel/atmel toolchain/arm gcc/native/4.8.1443/arm-gnu-toolchain/bin/../lib/gcc/arm-none-eabi/4.8.4/armv6-m\libgcc.a(_udivsi3.o)
                0x000024b0                __aeabi_uidiv
                0x000024b0                __udivsi3
                0x00002538                __aeabi_uidivmod
 .text          0x0000254c        0x4 c:/program files (x86)/atmel/atmel toolchain/arm gcc/native/4.8.1443/arm-gnu-toolchain/bin/../lib/gcc/arm-none-eabi/4.8.4/armv6-m\libgcc.a(_dvmd_tls.o)
                0x0000254c                __aeabi_idiv0
                0x0000254c                __aeabi_ldiv0
 .text.__libc_init_array
                0x00002550       0x4c c:/program files (x86)/atmel/atmel toolchain/arm gcc/native/4.8.1443/arm-gnu-toolchain/bin/../lib/gcc/arm-none-eabi/4.8.4/../../../../arm-none-eabi/lib/armv6-m\libc_s.a(lib_a-init.o)
                0x00002550                __libc_init_array
 *(.glue_7t)
 .glue_7t       0x00000000        0x0 linker stubs
 *(.glue_7)
 .glue_7        0x00000000        0x0 linker stubs
 *(.rodata .rodata* .gnu.linkonce.r.*)
 .rodata.CalibrationMenu
                0x0000259c       0xc8 src/Calibration.o
                0x0000259c                CalibrationMenu
 .rodata.str1.4
                0x00002664      0x131 src/Calibration.o
                                0x134 (size before relaxing)
 *fill*         0x00002795        0x3 
 .rodata        0x00002798       0x18 src/ASF/sam0/drivers/sercom/sercom.o
 .rodata.str1.4
                0x000027b0       0x41 src/CharLCD.o
                                 0x44 (size before relaxing)
 *fill*         0x000027f1        0x3 
 .rodata.str1.4
                0x000027f4       0x12 src/LCDAdvanced.o
                                 0x14 (size before relaxing)
 *fill*         0x00002806        0x2 
 .rodata.system_clock_source_get_hz
                0x00002808       0x24 src/ASF/sam0/drivers/system/clock/clock_samd21_r21/clock.o
 .rodata.system_clock_source_enable
                0x0000282c       0x24 src/ASF/sam0/drivers/system/clock/clock_samd21_r21/clock.o
 .rodata.str1.4
                0x00002850       0xec src/Main.o
                                0x104 (size before relaxing)
 *(.ARM.extab* .gnu.linkonce.armextab.*)
                0x0000293c                . = ALIGN (0x4)
 *(.init)
 .init          0x0000293c        0x4 c:/program files (x86)/atmel/atmel toolchain/arm gcc/native/4.8.1443/arm-gnu-toolchain/bin/../lib/gcc/arm-none-eabi/4.8.4/armv6-m/crti.o
                0x0000293c                _init
 .init          0x00002940        0x8 c:/program files (x86)/atmel/atmel toolchain/arm gcc/native/4.8.1443/arm-gnu-toolchain/bin/../lib/gcc/arm-none-eabi/4.8.4/armv6-m/crtn.o
                0x00002948                . = ALIGN (0x4)
                0x00002948                __preinit_array_start = .
 *(.preinit_array)
                0x00002948                __preinit_array_end = .
                0x00002948                . = ALIGN (0x4)
                0x00002948                __init_array_start = .
 *(SORT(.init_array.*))
 *(.init_array)
 .init_array    0x00002948        0x4 c:/program files (x86)/atmel/atmel toolchain/arm gcc/native/4.8.1443/arm-gnu-toolchain/bin/../lib/gcc/arm-none-eabi/4.8.4/armv6-m/crtbegin.o
                0x0000294c                __init_array_end = .
                0x0000294c                . = ALIGN (0x4)
 *crtbegin.o(.ctors)
 *(EXCLUDE_FILE(*crtend.o) .ctors)
 *(SORT(.ctors.*))
 *crtend.o(.ctors)
                0x0000294c                . = ALIGN (0x4)
 *(.fini)
 .fini          0x0000294c        0x4 c:/program files (x86)/atmel/atmel toolchain/arm gcc/native/4.8.1443/arm-gnu-toolchain/bin/../lib/gcc/arm-none-eabi/4.8.4/armv6-m/crti.o
                0x0000294c                _fini
 .fini          0x00002950        0x8 c:/program files (x86)/atmel/atmel toolchain/arm gcc/native/4.8.1443/arm-gnu-toolchain/bin/../lib/gcc/arm-none-eabi/4.8.4/armv6-m/crtn.o
                0x00002958                . = ALIGN (0x4)
                0x00002958                __fini_array_start = .
 *(.fini_array)
 .fini_array    0x00002958        0x4 c:/program files (x86)/atmel/atmel toolchain/arm gcc/native/4.8.1443/arm-gnu-toolchain/bin/../lib/gcc/arm-none-eabi/4.8.4/armv6-m/crtbegin.o
 *(SORT(.fini_array.*))
                0x0000295c                __fini_array_end = .
 *crtbegin.o(.dtors)
 *(EXCLUDE_FILE(*crtend.o) .dtors)
 *(SORT(.dtors.*))
 *crtend.o(.dtors)
                0x0000295c                . = ALIGN (0x4)
                0x0000295c                _efixed = .
                0x0000295c                PROVIDE (__exidx_start, .)

.vfp11_veneer   0x0000295c        0x0
 .vfp11_veneer  0x00000000        0x0 linker stubs

.v4_bx          0x0000295c        0x0
 .v4_bx         0x00000000        0x0 linker stubs

.iplt           0x0000295c        0x0
 .iplt          0x00000000        0x0 c:/program files (x86)/atmel/atmel toolchain/arm gcc/native/4.8.1443/arm-gnu-toolchain/bin/../lib/gcc/arm-none-eabi/4.8.4/armv6-m/crtbegin.o

.eh_frame       0x0000295c        0x0
 .eh_frame      0x0000295c        0x0 c:/program files (x86)/atmel/atmel toolchain/arm gcc/native/4.8.1443/arm-gnu-toolchain/bin/../lib/gcc/arm-none-eabi/4.8.4/armv6-m/crtbegin.o

.rel.dyn        0x0000295c        0x0
 .rel.iplt      0x00000000        0x0 c:/program files (x86)/atmel/atmel toolchain/arm gcc/native/4.8.1443/arm-gnu-toolchain/bin/../lib/gcc/arm-none-eabi/4.8.4/armv6-m/crtbegin.o

.jcr            0x0000295c        0x0
 .jcr           0x0000295c        0x0 c:/program files (x86)/atmel/atmel toolchain/arm gcc/native/4.8.1443/arm-gnu-toolchain/bin/../lib/gcc/arm-none-eabi/4.8.4/armv6-m/crtbegin.o

.igot.plt       0x0000295c        0x0
 .igot.plt      0x00000000        0x0 c:/program files (x86)/atmel/atmel toolchain/arm gcc/native/4.8.1443/arm-gnu-toolchain/bin/../lib/gcc/arm-none-eabi/4.8.4/armv6-m/crtbegin.o

.ARM.exidx
 *(.ARM.exidx* .gnu.linkonce.armexidx.*)
                0x0000295c                PROVIDE (__exidx_end, .)
                0x0000295c                . = ALIGN (0x4)
                0x0000295c                _etext = .

.relocate       0x20000000       0x1c load address 0x0000295c
                0x20000000                . = ALIGN (0x4)
                0x20000000                _srelocate = .
 *(.ramfunc .ramfunc.*)
 *(.data .data.*)
 .data.g_interrupt_enabled
                0x20000000        0x1 src/ASF/common/utils/interrupt/interrupt_sam_nvic.o
                0x20000000                g_interrupt_enabled
 *fill*         0x20000001        0x3 
 .data.framelement
                0x20000004        0x8 src/Main.o
                0x20000004                framelement
 .data.PILOGO   0x2000000c        0x8 src/Main.o
                0x2000000c                PILOGO
 .data.DegreeSym
                0x20000014        0x8 src/Main.o
                0x20000014                DegreeSym
                0x2000001c                . = ALIGN (0x4)
                0x2000001c                _erelocate = .

.bss            0x2000001c      0x140 load address 0x00002978
                0x2000001c                . = ALIGN (0x4)
                0x2000001c                _sbss = .
                0x2000001c                _szero = .
 *(.bss .bss.*)
 .bss           0x2000001c       0x1c c:/program files (x86)/atmel/atmel toolchain/arm gcc/native/4.8.1443/arm-gnu-toolchain/bin/../lib/gcc/arm-none-eabi/4.8.4/armv6-m/crtbegin.o
 .bss._sercom_config
                0x20000038        0x4 src/ASF/sam0/drivers/sercom/sercom.o
 .bss._sercom_interrupt_handlers
                0x2000003c       0x18 src/ASF/sam0/drivers/sercom/sercom_interrupt.o
 .bss.cpu_irq_critical_section_counter
                0x20000054        0x4 src/ASF/common/utils/interrupt/interrupt_sam_nvic.o
 .bss.cpu_irq_prev_interrupt_state
                0x20000058        0x1 src/ASF/common/utils/interrupt/interrupt_sam_nvic.o
 *fill*         0x20000059        0x3 
 .bss._system_clock_inst
                0x2000005c       0x18 src/ASF/sam0/drivers/system/clock/clock_samd21_r21/clock.o
 .bss.XOSC32Fail
                0x20000074        0x1 src/ASF/sam0/drivers/system/clock/clock_samd21_r21/clock.o
                0x20000074                XOSC32Fail
 *(COMMON)
 *fill*         0x20000075        0x3 
 COMMON         0x20000078       0xd8 src/Calibration.o
                0x20000078                Orifice_PT100
                0x20000094                UpdateKey
                0x20000098                Ambient_PT100
                0x200000b4                Stack_TC
                0x200000c8                _data_pins
                0x200000cc                ParaKey
                0x200000d0                Aux_Temp
                0x200000ec                RunKey
                0x200000f0                OrifPart_DP
                0x20000104                EnterKey
                0x20000105                StartKey
                0x20000108                Absolute_Pres
                0x20000124                Pitot_DP
                0x20000138                StopKey
                0x2000013c                OrifGas_DP
 COMMON         0x20000150        0xc src/EEProm.o
                0x20000150                i2c_master_instance
                0x2000015c                . = ALIGN (0x4)
                0x2000015c                _ebss = .
                0x2000015c                _ezero = .

.stack          0x2000015c     0x2004 load address 0x00002ab8
                0x20000160                . = ALIGN (0x8)
 *fill*         0x2000015c        0x4 
                0x20000160                _sstack = .
                0x20002160                . = (. + STACK_SIZE)
 *fill*         0x20000160     0x2000 
                0x20002160                . = ALIGN (0x8)
                0x20002160                _estack = .
                0x20002160                . = ALIGN (0x4)
                0x20002160                _end = .
OUTPUT(SMK20 TEST SAMD21.elf elf32-littlearm)

.ARM.attributes
                0x00000000       0x28
 .ARM.attributes
                0x00000000       0x1e c:/program files (x86)/atmel/atmel toolchain/arm gcc/native/4.8.1443/arm-gnu-toolchain/bin/../lib/gcc/arm-none-eabi/4.8.4/armv6-m/crti.o
 .ARM.attributes
                0x0000001e       0x2c c:/program files (x86)/atmel/atmel toolchain/arm gcc/native/4.8.1443/arm-gnu-toolchain/bin/../lib/gcc/arm-none-eabi/4.8.4/armv6-m/crtbegin.o
 .ARM.attributes
                0x0000004a       0x32 src/ASF/sam0/drivers/sercom/i2c/i2c_samd21_r21_d10_d11_l21/i2c_master.o
 .ARM.attributes
                0x0000007c       0x32 src/Calibration.o
 .ARM.attributes
                0x000000ae       0x32 src/EEProm.o
 .ARM.attributes
                0x000000e0       0x32 src/UserInterface.o
 .ARM.attributes
                0x00000112       0x32 src/ASF/sam0/drivers/sercom/sercom.o
 .ARM.attributes
                0x00000144       0x32 src/ASF/sam0/drivers/sercom/sercom_interrupt.o
 .ARM.attributes
                0x00000176       0x32 src/CharLCD.o
 .ARM.attributes
                0x000001a8       0x32 src/Delay.o
 .ARM.attributes
                0x000001da       0x32 src/LCDAdvanced.o
 .ARM.attributes
                0x0000020c       0x32 src/MatrixKeypad.o
 .ARM.attributes
                0x0000023e       0x32 src/S_PORT.o
 .ARM.attributes
                0x00000270       0x32 src/ASF/common/utils/interrupt/interrupt_sam_nvic.o
 .ARM.attributes
                0x000002a2       0x32 src/ASF/sam0/boards/samd21_xplained_pro/board_init.o
 .ARM.attributes
                0x000002d4       0x32 src/ASF/sam0/drivers/port/port.o
 .ARM.attributes
                0x00000306       0x32 src/ASF/sam0/drivers/system/clock/clock_samd21_r21/clock.o
 .ARM.attributes
                0x00000338       0x32 src/ASF/sam0/drivers/system/clock/clock_samd21_r21/gclk.o
 .ARM.attributes
                0x0000036a       0x32 src/ASF/sam0/drivers/system/pinmux/pinmux.o
 .ARM.attributes
                0x0000039c       0x32 src/ASF/sam0/drivers/system/system.o
 .ARM.attributes
                0x000003ce       0x32 src/ASF/sam0/utils/cmsis/samd21/source/gcc/startup_samd21.o
 .ARM.attributes
                0x00000400       0x32 src/Main.o
 .ARM.attributes
                0x00000432       0x1e c:/program files (x86)/atmel/atmel toolchain/arm gcc/native/4.8.1443/arm-gnu-toolchain/bin/../lib/gcc/arm-none-eabi/4.8.4/armv6-m\libgcc.a(_udivsi3.o)
 .ARM.attributes
                0x00000450       0x1e c:/program files (x86)/atmel/atmel toolchain/arm gcc/native/4.8.1443/arm-gnu-toolchain/bin/../lib/gcc/arm-none-eabi/4.8.4/armv6-m\libgcc.a(_dvmd_tls.o)
 .ARM.attributes
                0x0000046e       0x2c c:/program files (x86)/atmel/atmel toolchain/arm gcc/native/4.8.1443/arm-gnu-toolchain/bin/../lib/gcc/arm-none-eabi/4.8.4/../../../../arm-none-eabi/lib/armv6-m\libc_s.a(lib_a-init.o)
 .ARM.attributes
                0x0000049a       0x1e c:/program files (x86)/atmel/atmel toolchain/arm gcc/native/4.8.1443/arm-gnu-toolchain/bin/../lib/gcc/arm-none-eabi/4.8.4/armv6-m/crtn.o

.comment        0x00000000       0x5b
 .comment       0x00000000       0x5b src/ASF/sam0/drivers/sercom/i2c/i2c_samd21_r21_d10_d11_l21/i2c_master.o
                                 0x5c (size before relaxing)
 .comment       0x00000000       0x5c src/Calibration.o
 .comment       0x00000000       0x5c src/EEProm.o
 .comment       0x00000000       0x5c src/UserInterface.o
 .comment       0x00000000       0x5c src/ASF/sam0/drivers/sercom/sercom.o
 .comment       0x00000000       0x5c src/ASF/sam0/drivers/sercom/sercom_interrupt.o
 .comment       0x00000000       0x5c src/CharLCD.o
 .comment       0x00000000       0x5c src/Delay.o
 .comment       0x00000000       0x5c src/LCDAdvanced.o
 .comment       0x00000000       0x5c src/MatrixKeypad.o
 .comment       0x00000000       0x5c src/S_PORT.o
 .comment       0x00000000       0x5c src/ASF/common/utils/interrupt/interrupt_sam_nvic.o
 .comment       0x00000000       0x5c src/ASF/sam0/boards/samd21_xplained_pro/board_init.o
 .comment       0x00000000       0x5c src/ASF/sam0/drivers/port/port.o
 .comment       0x00000000       0x5c src/ASF/sam0/drivers/system/clock/clock_samd21_r21/clock.o
 .comment       0x00000000       0x5c src/ASF/sam0/drivers/system/clock/clock_samd21_r21/gclk.o
 .comment       0x00000000       0x5c src/ASF/sam0/drivers/system/pinmux/pinmux.o
 .comment       0x00000000       0x5c src/ASF/sam0/drivers/system/system.o
 .comment       0x00000000       0x5c src/ASF/sam0/utils/cmsis/samd21/source/gcc/startup_samd21.o
 .comment       0x00000000       0x5c src/Main.o

.debug_info     0x00000000    0x1b6d3
 .debug_info    0x00000000     0x3f86 src/ASF/sam0/drivers/sercom/i2c/i2c_samd21_r21_d10_d11_l21/i2c_master.o
 .debug_info    0x00003f86      0x8a0 src/Calibration.o
 .debug_info    0x00004826     0x32c2 src/EEProm.o
 .debug_info    0x00007ae8      0x803 src/UserInterface.o
 .debug_info    0x000082eb     0x254b src/ASF/sam0/drivers/sercom/sercom.o
 .debug_info    0x0000a836     0x2335 src/ASF/sam0/drivers/sercom/sercom_interrupt.o
 .debug_info    0x0000cb6b      0xde8 src/CharLCD.o
 .debug_info    0x0000d953      0x21e src/Delay.o
 .debug_info    0x0000db71      0x87c src/LCDAdvanced.o
 .debug_info    0x0000e3ed      0x4be src/MatrixKeypad.o
 .debug_info    0x0000e8ab      0x1fe src/S_PORT.o
 .debug_info    0x0000eaa9      0x1ec src/ASF/common/utils/interrupt/interrupt_sam_nvic.o
 .debug_info    0x0000ec95      0x970 src/ASF/sam0/boards/samd21_xplained_pro/board_init.o
 .debug_info    0x0000f605      0x968 src/ASF/sam0/drivers/port/port.o
 .debug_info    0x0000ff6d     0x2ef6 src/ASF/sam0/drivers/system/clock/clock_samd21_r21/clock.o
 .debug_info    0x00012e63     0x14ce src/ASF/sam0/drivers/system/clock/clock_samd21_r21/gclk.o
 .debug_info    0x00014331      0xa49 src/ASF/sam0/drivers/system/pinmux/pinmux.o
 .debug_info    0x00014d7a      0x16f src/ASF/sam0/drivers/system/system.o
 .debug_info    0x00014ee9     0x35ae src/ASF/sam0/utils/cmsis/samd21/source/gcc/startup_samd21.o
 .debug_info    0x00018497     0x323c src/Main.o

.debug_abbrev   0x00000000     0x2c57
 .debug_abbrev  0x00000000      0x45d src/ASF/sam0/drivers/sercom/i2c/i2c_samd21_r21_d10_d11_l21/i2c_master.o
 .debug_abbrev  0x0000045d      0x178 src/Calibration.o
 .debug_abbrev  0x000005d5      0x3c4 src/EEProm.o
 .debug_abbrev  0x00000999      0x1db src/UserInterface.o
 .debug_abbrev  0x00000b74      0x2fd src/ASF/sam0/drivers/sercom/sercom.o
 .debug_abbrev  0x00000e71      0x22c src/ASF/sam0/drivers/sercom/sercom_interrupt.o
 .debug_abbrev  0x0000109d      0x20b src/CharLCD.o
 .debug_abbrev  0x000012a8       0xe8 src/Delay.o
 .debug_abbrev  0x00001390      0x1f3 src/LCDAdvanced.o
 .debug_abbrev  0x00001583      0x13a src/MatrixKeypad.o
 .debug_abbrev  0x000016bd       0xf8 src/S_PORT.o
 .debug_abbrev  0x000017b5       0xf6 src/ASF/common/utils/interrupt/interrupt_sam_nvic.o
 .debug_abbrev  0x000018ab      0x22b src/ASF/sam0/boards/samd21_xplained_pro/board_init.o
 .debug_abbrev  0x00001ad6      0x1da src/ASF/sam0/drivers/port/port.o
 .debug_abbrev  0x00001cb0      0x41f src/ASF/sam0/drivers/system/clock/clock_samd21_r21/clock.o
 .debug_abbrev  0x000020cf      0x327 src/ASF/sam0/drivers/system/clock/clock_samd21_r21/gclk.o
 .debug_abbrev  0x000023f6      0x287 src/ASF/sam0/drivers/system/pinmux/pinmux.o
 .debug_abbrev  0x0000267d       0xb9 src/ASF/sam0/drivers/system/system.o
 .debug_abbrev  0x00002736      0x213 src/ASF/sam0/utils/cmsis/samd21/source/gcc/startup_samd21.o
 .debug_abbrev  0x00002949      0x30e src/Main.o

.debug_loc      0x00000000     0x5593
 .debug_loc     0x00000000      0xb27 src/ASF/sam0/drivers/sercom/i2c/i2c_samd21_r21_d10_d11_l21/i2c_master.o
 .debug_loc     0x00000b27      0x29a src/Calibration.o
 .debug_loc     0x00000dc1      0x4bf src/EEProm.o
 .debug_loc     0x00001280      0x7ed src/UserInterface.o
 .debug_loc     0x00001a6d      0x982 src/ASF/sam0/drivers/sercom/sercom.o
 .debug_loc     0x000023ef      0x16c src/ASF/sam0/drivers/sercom/sercom_interrupt.o
 .debug_loc     0x0000255b      0x712 src/CharLCD.o
 .debug_loc     0x00002c6d      0x115 src/Delay.o
 .debug_loc     0x00002d82      0x90b src/LCDAdvanced.o
 .debug_loc     0x0000368d      0x118 src/MatrixKeypad.o
 .debug_loc     0x000037a5      0x264 src/S_PORT.o
 .debug_loc     0x00003a09       0x1e src/ASF/common/utils/interrupt/interrupt_sam_nvic.o
 .debug_loc     0x00003a27       0x59 src/ASF/sam0/boards/samd21_xplained_pro/board_init.o
 .debug_loc     0x00003a80      0x16d src/ASF/sam0/drivers/port/port.o
 .debug_loc     0x00003bed     0x1046 src/ASF/sam0/drivers/system/clock/clock_samd21_r21/clock.o
 .debug_loc     0x00004c33      0x508 src/ASF/sam0/drivers/system/clock/clock_samd21_r21/gclk.o
 .debug_loc     0x0000513b      0x2e3 src/ASF/sam0/drivers/system/pinmux/pinmux.o
 .debug_loc     0x0000541e       0x20 src/ASF/sam0/drivers/system/system.o
 .debug_loc     0x0000543e       0x7c src/ASF/sam0/utils/cmsis/samd21/source/gcc/startup_samd21.o
 .debug_loc     0x000054ba       0xd9 src/Main.o

.debug_aranges  0x00000000      0x660
 .debug_aranges
                0x00000000       0x80 src/ASF/sam0/drivers/sercom/i2c/i2c_samd21_r21_d10_d11_l21/i2c_master.o
 .debug_aranges
                0x00000080       0x48 src/Calibration.o
 .debug_aranges
                0x000000c8       0x78 src/EEProm.o
 .debug_aranges
                0x00000140       0x50 src/UserInterface.o
 .debug_aranges
                0x00000190       0x40 src/ASF/sam0/drivers/sercom/sercom.o
 .debug_aranges
                0x000001d0       0x60 src/ASF/sam0/drivers/sercom/sercom_interrupt.o
 .debug_aranges
                0x00000230       0xc8 src/CharLCD.o
 .debug_aranges
                0x000002f8       0x40 src/Delay.o
 .debug_aranges
                0x00000338       0x58 src/LCDAdvanced.o
 .debug_aranges
                0x00000390       0x60 src/MatrixKeypad.o
 .debug_aranges
                0x000003f0       0x38 src/S_PORT.o
 .debug_aranges
                0x00000428       0x28 src/ASF/common/utils/interrupt/interrupt_sam_nvic.o
 .debug_aranges
                0x00000450       0x20 src/ASF/sam0/boards/samd21_xplained_pro/board_init.o
 .debug_aranges
                0x00000470       0x28 src/ASF/sam0/drivers/port/port.o
 .debug_aranges
                0x00000498       0x78 src/ASF/sam0/drivers/system/clock/clock_samd21_r21/clock.o
 .debug_aranges
                0x00000510       0x80 src/ASF/sam0/drivers/system/clock/clock_samd21_r21/gclk.o
 .debug_aranges
                0x00000590       0x38 src/ASF/sam0/drivers/system/pinmux/pinmux.o
 .debug_aranges
                0x000005c8       0x28 src/ASF/sam0/drivers/system/system.o
 .debug_aranges
                0x000005f0       0x28 src/ASF/sam0/utils/cmsis/samd21/source/gcc/startup_samd21.o
 .debug_aranges
                0x00000618       0x48 src/Main.o

.debug_ranges   0x00000000      0x580
 .debug_ranges  0x00000000       0x88 src/ASF/sam0/drivers/sercom/i2c/i2c_samd21_r21_d10_d11_l21/i2c_master.o
 .debug_ranges  0x00000088       0x38 src/Calibration.o
 .debug_ranges  0x000000c0       0x68 src/EEProm.o
 .debug_ranges  0x00000128       0x40 src/UserInterface.o
 .debug_ranges  0x00000168       0x48 src/ASF/sam0/drivers/sercom/sercom.o
 .debug_ranges  0x000001b0       0x50 src/ASF/sam0/drivers/sercom/sercom_interrupt.o
 .debug_ranges  0x00000200       0xd0 src/CharLCD.o
 .debug_ranges  0x000002d0       0x30 src/Delay.o
 .debug_ranges  0x00000300       0x48 src/LCDAdvanced.o
 .debug_ranges  0x00000348       0x50 src/MatrixKeypad.o
 .debug_ranges  0x00000398       0x28 src/S_PORT.o
 .debug_ranges  0x000003c0       0x18 src/ASF/common/utils/interrupt/interrupt_sam_nvic.o
 .debug_ranges  0x000003d8       0x10 src/ASF/sam0/boards/samd21_xplained_pro/board_init.o
 .debug_ranges  0x000003e8       0x18 src/ASF/sam0/drivers/port/port.o
 .debug_ranges  0x00000400       0x80 src/ASF/sam0/drivers/system/clock/clock_samd21_r21/clock.o
 .debug_ranges  0x00000480       0x70 src/ASF/sam0/drivers/system/clock/clock_samd21_r21/gclk.o
 .debug_ranges  0x000004f0       0x28 src/ASF/sam0/drivers/system/pinmux/pinmux.o
 .debug_ranges  0x00000518       0x18 src/ASF/sam0/drivers/system/system.o
 .debug_ranges  0x00000530       0x18 src/ASF/sam0/utils/cmsis/samd21/source/gcc/startup_samd21.o
 .debug_ranges  0x00000548       0x38 src/Main.o

.debug_macro    0x00000000    0x1ab54
 .debug_macro   0x00000000      0x4fe src/ASF/sam0/drivers/sercom/i2c/i2c_samd21_r21_d10_d11_l21/i2c_master.o
 .debug_macro   0x000004fe      0x838 src/ASF/sam0/drivers/sercom/i2c/i2c_samd21_r21_d10_d11_l21/i2c_master.o
 .debug_macro   0x00000d36      0x166 src/ASF/sam0/drivers/sercom/i2c/i2c_samd21_r21_d10_d11_l21/i2c_master.o
 .debug_macro   0x00000e9c      0x4d1 src/ASF/sam0/drivers/sercom/i2c/i2c_samd21_r21_d10_d11_l21/i2c_master.o
 .debug_macro   0x0000136d       0x16 src/ASF/sam0/drivers/sercom/i2c/i2c_samd21_r21_d10_d11_l21/i2c_master.o
 .debug_macro   0x00001383       0x44 src/ASF/sam0/drivers/sercom/i2c/i2c_samd21_r21_d10_d11_l21/i2c_master.o
 .debug_macro   0x000013c7      0x209 src/ASF/sam0/drivers/sercom/i2c/i2c_samd21_r21_d10_d11_l21/i2c_master.o
 .debug_macro   0x000015d0       0x10 src/ASF/sam0/drivers/sercom/i2c/i2c_samd21_r21_d10_d11_l21/i2c_master.o
 .debug_macro   0x000015e0       0x76 src/ASF/sam0/drivers/sercom/i2c/i2c_samd21_r21_d10_d11_l21/i2c_master.o
 .debug_macro   0x00001656       0x16 src/ASF/sam0/drivers/sercom/i2c/i2c_samd21_r21_d10_d11_l21/i2c_master.o
 .debug_macro   0x0000166c      0x6e5 src/ASF/sam0/drivers/sercom/i2c/i2c_samd21_r21_d10_d11_l21/i2c_master.o
 .debug_macro   0x00001d51      0xde2 src/ASF/sam0/drivers/sercom/i2c/i2c_samd21_r21_d10_d11_l21/i2c_master.o
 .debug_macro   0x00002b33       0x22 src/ASF/sam0/drivers/sercom/i2c/i2c_samd21_r21_d10_d11_l21/i2c_master.o
 .debug_macro   0x00002b55       0x40 src/ASF/sam0/drivers/sercom/i2c/i2c_samd21_r21_d10_d11_l21/i2c_master.o
 .debug_macro   0x00002b95       0x3a src/ASF/sam0/drivers/sercom/i2c/i2c_samd21_r21_d10_d11_l21/i2c_master.o
 .debug_macro   0x00002bcf      0x24f src/ASF/sam0/drivers/sercom/i2c/i2c_samd21_r21_d10_d11_l21/i2c_master.o
 .debug_macro   0x00002e1e      0x682 src/ASF/sam0/drivers/sercom/i2c/i2c_samd21_r21_d10_d11_l21/i2c_master.o
 .debug_macro   0x000034a0      0x8c1 src/ASF/sam0/drivers/sercom/i2c/i2c_samd21_r21_d10_d11_l21/i2c_master.o
 .debug_macro   0x00003d61      0x235 src/ASF/sam0/drivers/sercom/i2c/i2c_samd21_r21_d10_d11_l21/i2c_master.o
 .debug_macro   0x00003f96      0xd6d src/ASF/sam0/drivers/sercom/i2c/i2c_samd21_r21_d10_d11_l21/i2c_master.o
 .debug_macro   0x00004d03      0x4ce src/ASF/sam0/drivers/sercom/i2c/i2c_samd21_r21_d10_d11_l21/i2c_master.o
 .debug_macro   0x000051d1      0x9fb src/ASF/sam0/drivers/sercom/i2c/i2c_samd21_r21_d10_d11_l21/i2c_master.o
 .debug_macro   0x00005bcc      0x82e src/ASF/sam0/drivers/sercom/i2c/i2c_samd21_r21_d10_d11_l21/i2c_master.o
 .debug_macro   0x000063fa      0x462 src/ASF/sam0/drivers/sercom/i2c/i2c_samd21_r21_d10_d11_l21/i2c_master.o
 .debug_macro   0x0000685c       0x5e src/ASF/sam0/drivers/sercom/i2c/i2c_samd21_r21_d10_d11_l21/i2c_master.o
 .debug_macro   0x000068ba      0x907 src/ASF/sam0/drivers/sercom/i2c/i2c_samd21_r21_d10_d11_l21/i2c_master.o
 .debug_macro   0x000071c1      0x226 src/ASF/sam0/drivers/sercom/i2c/i2c_samd21_r21_d10_d11_l21/i2c_master.o
 .debug_macro   0x000073e7      0x913 src/ASF/sam0/drivers/sercom/i2c/i2c_samd21_r21_d10_d11_l21/i2c_master.o
 .debug_macro   0x00007cfa       0x5e src/ASF/sam0/drivers/sercom/i2c/i2c_samd21_r21_d10_d11_l21/i2c_master.o
 .debug_macro   0x00007d58      0x636 src/ASF/sam0/drivers/sercom/i2c/i2c_samd21_r21_d10_d11_l21/i2c_master.o
 .debug_macro   0x0000838e      0x3b8 src/ASF/sam0/drivers/sercom/i2c/i2c_samd21_r21_d10_d11_l21/i2c_master.o
 .debug_macro   0x00008746      0xc55 src/ASF/sam0/drivers/sercom/i2c/i2c_samd21_r21_d10_d11_l21/i2c_master.o
 .debug_macro   0x0000939b     0x1093 src/ASF/sam0/drivers/sercom/i2c/i2c_samd21_r21_d10_d11_l21/i2c_master.o
 .debug_macro   0x0000a42e      0xc4a src/ASF/sam0/drivers/sercom/i2c/i2c_samd21_r21_d10_d11_l21/i2c_master.o
 .debug_macro   0x0000b078      0x6c2 src/ASF/sam0/drivers/sercom/i2c/i2c_samd21_r21_d10_d11_l21/i2c_master.o
 .debug_macro   0x0000b73a     0x1b4e src/ASF/sam0/drivers/sercom/i2c/i2c_samd21_r21_d10_d11_l21/i2c_master.o
 .debug_macro   0x0000d288     0x144d src/ASF/sam0/drivers/sercom/i2c/i2c_samd21_r21_d10_d11_l21/i2c_master.o
 .debug_macro   0x0000e6d5      0x351 src/ASF/sam0/drivers/sercom/i2c/i2c_samd21_r21_d10_d11_l21/i2c_master.o
 .debug_macro   0x0000ea26       0x7c src/ASF/sam0/drivers/sercom/i2c/i2c_samd21_r21_d10_d11_l21/i2c_master.o
 .debug_macro   0x0000eaa2       0xa0 src/ASF/sam0/drivers/sercom/i2c/i2c_samd21_r21_d10_d11_l21/i2c_master.o
 .debug_macro   0x0000eb42       0x4c src/ASF/sam0/drivers/sercom/i2c/i2c_samd21_r21_d10_d11_l21/i2c_master.o
 .debug_macro   0x0000eb8e       0xca src/ASF/sam0/drivers/sercom/i2c/i2c_samd21_r21_d10_d11_l21/i2c_master.o
 .debug_macro   0x0000ec58       0x94 src/ASF/sam0/drivers/sercom/i2c/i2c_samd21_r21_d10_d11_l21/i2c_master.o
 .debug_macro   0x0000ecec       0x58 src/ASF/sam0/drivers/sercom/i2c/i2c_samd21_r21_d10_d11_l21/i2c_master.o
 .debug_macro   0x0000ed44      0x367 src/ASF/sam0/drivers/sercom/i2c/i2c_samd21_r21_d10_d11_l21/i2c_master.o
 .debug_macro   0x0000f0ab       0x82 src/ASF/sam0/drivers/sercom/i2c/i2c_samd21_r21_d10_d11_l21/i2c_master.o
 .debug_macro   0x0000f12d      0x19a src/ASF/sam0/drivers/sercom/i2c/i2c_samd21_r21_d10_d11_l21/i2c_master.o
 .debug_macro   0x0000f2c7       0xb8 src/ASF/sam0/drivers/sercom/i2c/i2c_samd21_r21_d10_d11_l21/i2c_master.o
 .debug_macro   0x0000f37f       0xa0 src/ASF/sam0/drivers/sercom/i2c/i2c_samd21_r21_d10_d11_l21/i2c_master.o
 .debug_macro   0x0000f41f       0xb8 src/ASF/sam0/drivers/sercom/i2c/i2c_samd21_r21_d10_d11_l21/i2c_master.o
 .debug_macro   0x0000f4d7       0x1c src/ASF/sam0/drivers/sercom/i2c/i2c_samd21_r21_d10_d11_l21/i2c_master.o
 .debug_macro   0x0000f4f3       0x1c src/ASF/sam0/drivers/sercom/i2c/i2c_samd21_r21_d10_d11_l21/i2c_master.o
 .debug_macro   0x0000f50f       0x1c src/ASF/sam0/drivers/sercom/i2c/i2c_samd21_r21_d10_d11_l21/i2c_master.o
 .debug_macro   0x0000f52b       0x7c src/ASF/sam0/drivers/sercom/i2c/i2c_samd21_r21_d10_d11_l21/i2c_master.o
 .debug_macro   0x0000f5a7      0x164 src/ASF/sam0/drivers/sercom/i2c/i2c_samd21_r21_d10_d11_l21/i2c_master.o
 .debug_macro   0x0000f70b       0xdc src/ASF/sam0/drivers/sercom/i2c/i2c_samd21_r21_d10_d11_l21/i2c_master.o
 .debug_macro   0x0000f7e7      0x132 src/ASF/sam0/drivers/sercom/i2c/i2c_samd21_r21_d10_d11_l21/i2c_master.o
 .debug_macro   0x0000f919      0x132 src/ASF/sam0/drivers/sercom/i2c/i2c_samd21_r21_d10_d11_l21/i2c_master.o
 .debug_macro   0x0000fa4b      0x132 src/ASF/sam0/drivers/sercom/i2c/i2c_samd21_r21_d10_d11_l21/i2c_master.o
 .debug_macro   0x0000fb7d      0x132 src/ASF/sam0/drivers/sercom/i2c/i2c_samd21_r21_d10_d11_l21/i2c_master.o
 .debug_macro   0x0000fcaf      0x132 src/ASF/sam0/drivers/sercom/i2c/i2c_samd21_r21_d10_d11_l21/i2c_master.o
 .debug_macro   0x0000fde1      0x132 src/ASF/sam0/drivers/sercom/i2c/i2c_samd21_r21_d10_d11_l21/i2c_master.o
 .debug_macro   0x0000ff13      0x11e src/ASF/sam0/drivers/sercom/i2c/i2c_samd21_r21_d10_d11_l21/i2c_master.o
 .debug_macro   0x00010031       0xe2 src/ASF/sam0/drivers/sercom/i2c/i2c_samd21_r21_d10_d11_l21/i2c_master.o
 .debug_macro   0x00010113       0xe2 src/ASF/sam0/drivers/sercom/i2c/i2c_samd21_r21_d10_d11_l21/i2c_master.o
 .debug_macro   0x000101f5       0xe2 src/ASF/sam0/drivers/sercom/i2c/i2c_samd21_r21_d10_d11_l21/i2c_master.o
 .debug_macro   0x000102d7       0xe2 src/ASF/sam0/drivers/sercom/i2c/i2c_samd21_r21_d10_d11_l21/i2c_master.o
 .debug_macro   0x000103b9       0xe2 src/ASF/sam0/drivers/sercom/i2c/i2c_samd21_r21_d10_d11_l21/i2c_master.o
 .debug_macro   0x0001049b      0x12f src/ASF/sam0/drivers/sercom/i2c/i2c_samd21_r21_d10_d11_l21/i2c_master.o
 .debug_macro   0x000105ca      0x100 src/ASF/sam0/drivers/sercom/i2c/i2c_samd21_r21_d10_d11_l21/i2c_master.o
 .debug_macro   0x000106ca       0xf4 src/ASF/sam0/drivers/sercom/i2c/i2c_samd21_r21_d10_d11_l21/i2c_master.o
 .debug_macro   0x000107be      0x40f src/ASF/sam0/drivers/sercom/i2c/i2c_samd21_r21_d10_d11_l21/i2c_master.o
 .debug_macro   0x00010bcd       0x40 src/ASF/sam0/drivers/sercom/i2c/i2c_samd21_r21_d10_d11_l21/i2c_master.o
 .debug_macro   0x00010c0d      0x37d src/ASF/sam0/drivers/sercom/i2c/i2c_samd21_r21_d10_d11_l21/i2c_master.o
 .debug_macro   0x00010f8a     0x1e5c src/ASF/sam0/drivers/sercom/i2c/i2c_samd21_r21_d10_d11_l21/i2c_master.o
 .debug_macro   0x00012de6       0x51 src/ASF/sam0/drivers/sercom/i2c/i2c_samd21_r21_d10_d11_l21/i2c_master.o
 .debug_macro   0x00012e37       0x58 src/ASF/sam0/drivers/sercom/i2c/i2c_samd21_r21_d10_d11_l21/i2c_master.o
 .debug_macro   0x00012e8f       0x35 src/ASF/sam0/drivers/sercom/i2c/i2c_samd21_r21_d10_d11_l21/i2c_master.o
 .debug_macro   0x00012ec4       0xa3 src/ASF/sam0/drivers/sercom/i2c/i2c_samd21_r21_d10_d11_l21/i2c_master.o
 .debug_macro   0x00012f67       0x16 src/ASF/sam0/drivers/sercom/i2c/i2c_samd21_r21_d10_d11_l21/i2c_master.o
 .debug_macro   0x00012f7d       0x35 src/ASF/sam0/drivers/sercom/i2c/i2c_samd21_r21_d10_d11_l21/i2c_master.o
 .debug_macro   0x00012fb2       0x10 src/ASF/sam0/drivers/sercom/i2c/i2c_samd21_r21_d10_d11_l21/i2c_master.o
 .debug_macro   0x00012fc2       0x52 src/ASF/sam0/drivers/sercom/i2c/i2c_samd21_r21_d10_d11_l21/i2c_master.o
 .debug_macro   0x00013014       0x16 src/ASF/sam0/drivers/sercom/i2c/i2c_samd21_r21_d10_d11_l21/i2c_master.o
 .debug_macro   0x0001302a       0x43 src/ASF/sam0/drivers/sercom/i2c/i2c_samd21_r21_d10_d11_l21/i2c_master.o
 .debug_macro   0x0001306d      0x180 src/ASF/sam0/drivers/sercom/i2c/i2c_samd21_r21_d10_d11_l21/i2c_master.o
 .debug_macro   0x000131ed       0x10 src/ASF/sam0/drivers/sercom/i2c/i2c_samd21_r21_d10_d11_l21/i2c_master.o
 .debug_macro   0x000131fd       0x22 src/ASF/sam0/drivers/sercom/i2c/i2c_samd21_r21_d10_d11_l21/i2c_master.o
 .debug_macro   0x0001321f       0xbd src/ASF/sam0/drivers/sercom/i2c/i2c_samd21_r21_d10_d11_l21/i2c_master.o
 .debug_macro   0x000132dc       0x16 src/ASF/sam0/drivers/sercom/i2c/i2c_samd21_r21_d10_d11_l21/i2c_master.o
 .debug_macro   0x000132f2      0x16c src/ASF/sam0/drivers/sercom/i2c/i2c_samd21_r21_d10_d11_l21/i2c_master.o
 .debug_macro   0x0001345e       0x16 src/ASF/sam0/drivers/sercom/i2c/i2c_samd21_r21_d10_d11_l21/i2c_master.o
 .debug_macro   0x00013474       0x16 src/ASF/sam0/drivers/sercom/i2c/i2c_samd21_r21_d10_d11_l21/i2c_master.o
 .debug_macro   0x0001348a       0x29 src/ASF/sam0/drivers/sercom/i2c/i2c_samd21_r21_d10_d11_l21/i2c_master.o
 .debug_macro   0x000134b3       0x51 src/ASF/sam0/drivers/sercom/i2c/i2c_samd21_r21_d10_d11_l21/i2c_master.o
 .debug_macro   0x00013504       0x3f src/ASF/sam0/drivers/sercom/i2c/i2c_samd21_r21_d10_d11_l21/i2c_master.o
 .debug_macro   0x00013543      0x3df src/ASF/sam0/drivers/sercom/i2c/i2c_samd21_r21_d10_d11_l21/i2c_master.o
 .debug_macro   0x00013922       0x11 src/ASF/sam0/drivers/sercom/i2c/i2c_samd21_r21_d10_d11_l21/i2c_master.o
 .debug_macro   0x00013933       0x11 src/ASF/sam0/drivers/sercom/i2c/i2c_samd21_r21_d10_d11_l21/i2c_master.o
 .debug_macro   0x00013944       0x2e src/ASF/sam0/drivers/sercom/i2c/i2c_samd21_r21_d10_d11_l21/i2c_master.o
 .debug_macro   0x00013972       0xb2 src/ASF/sam0/drivers/sercom/i2c/i2c_samd21_r21_d10_d11_l21/i2c_master.o
 .debug_macro   0x00013a24       0x10 src/ASF/sam0/drivers/sercom/i2c/i2c_samd21_r21_d10_d11_l21/i2c_master.o
 .debug_macro   0x00013a34       0x27 src/ASF/sam0/drivers/sercom/i2c/i2c_samd21_r21_d10_d11_l21/i2c_master.o
 .debug_macro   0x00013a5b      0x4d7 src/Calibration.o
 .debug_macro   0x00013f32      0x422 src/Calibration.o
 .debug_macro   0x00014354      0x17e src/Calibration.o
 .debug_macro   0x000144d2       0x4c src/Calibration.o
 .debug_macro   0x0001451e       0x64 src/Calibration.o
 .debug_macro   0x00014582       0x16 src/Calibration.o
 .debug_macro   0x00014598      0x5af src/EEProm.o
 .debug_macro   0x00014b47      0x248 src/EEProm.o
 .debug_macro   0x00014d8f      0x9f7 src/EEProm.o
 .debug_macro   0x00015786       0x12 src/EEProm.o
 .debug_macro   0x00015798       0x2d src/EEProm.o
 .debug_macro   0x000157c5       0x50 src/EEProm.o
 .debug_macro   0x00015815       0x64 src/EEProm.o
 .debug_macro   0x00015879      0x48f src/UserInterface.o
 .debug_macro   0x00015d08      0x4f8 src/ASF/sam0/drivers/sercom/sercom.o
 .debug_macro   0x00016200      0x4f5 src/ASF/sam0/drivers/sercom/sercom_interrupt.o
 .debug_macro   0x000166f5      0x493 src/CharLCD.o
 .debug_macro   0x00016b88      0x474 src/Delay.o
 .debug_macro   0x00016ffc      0x495 src/LCDAdvanced.o
 .debug_macro   0x00017491      0x486 src/MatrixKeypad.o
 .debug_macro   0x00017917      0x473 src/S_PORT.o
 .debug_macro   0x00017d8a      0x46a src/ASF/common/utils/interrupt/interrupt_sam_nvic.o
 .debug_macro   0x000181f4      0x4a6 src/ASF/sam0/boards/samd21_xplained_pro/board_init.o
 .debug_macro   0x0001869a      0x484 src/ASF/sam0/drivers/port/port.o
 .debug_macro   0x00018b1e      0x4f8 src/ASF/sam0/drivers/system/clock/clock_samd21_r21/clock.o
 .debug_macro   0x00019016      0x26b src/ASF/sam0/drivers/system/clock/clock_samd21_r21/clock.o
 .debug_macro   0x00019281      0x4a0 src/ASF/sam0/drivers/system/clock/clock_samd21_r21/gclk.o
 .debug_macro   0x00019721      0x47c src/ASF/sam0/drivers/system/pinmux/pinmux.o
 .debug_macro   0x00019b9d      0x4ae src/ASF/sam0/drivers/system/system.o
 .debug_macro   0x0001a04b      0x2d7 src/ASF/sam0/utils/cmsis/samd21/source/gcc/startup_samd21.o
 .debug_macro   0x0001a322       0x3a src/ASF/sam0/utils/cmsis/samd21/source/gcc/startup_samd21.o
 .debug_macro   0x0001a35c      0x617 src/Main.o
 .debug_macro   0x0001a973      0x1e1 src/Main.o

.debug_line     0x00000000     0xcb92
 .debug_line    0x00000000      0xd09 src/ASF/sam0/drivers/sercom/i2c/i2c_samd21_r21_d10_d11_l21/i2c_master.o
 .debug_line    0x00000d09      0x975 src/Calibration.o
 .debug_line    0x0000167e      0xe43 src/EEProm.o
 .debug_line    0x000024c1      0x96d src/UserInterface.o
 .debug_line    0x00002e2e      0xb56 src/ASF/sam0/drivers/sercom/sercom.o
 .debug_line    0x00003984      0xb08 src/ASF/sam0/drivers/sercom/sercom_interrupt.o
 .debug_line    0x0000448c      0xabd src/CharLCD.o
 .debug_line    0x00004f49      0x87e src/Delay.o
 .debug_line    0x000057c7      0x96b src/LCDAdvanced.o
 .debug_line    0x00006132      0x930 src/MatrixKeypad.o
 .debug_line    0x00006a62      0x877 src/S_PORT.o
 .debug_line    0x000072d9      0x868 src/ASF/common/utils/interrupt/interrupt_sam_nvic.o
 .debug_line    0x00007b41      0x911 src/ASF/sam0/boards/samd21_xplained_pro/board_init.o
 .debug_line    0x00008452      0x896 src/ASF/sam0/drivers/port/port.o
 .debug_line    0x00008ce8      0xc3c src/ASF/sam0/drivers/system/clock/clock_samd21_r21/clock.o
 .debug_line    0x00009924      0xc0c src/ASF/sam0/drivers/system/clock/clock_samd21_r21/gclk.o
 .debug_line    0x0000a530      0x8b4 src/ASF/sam0/drivers/system/pinmux/pinmux.o
 .debug_line    0x0000ade4      0x981 src/ASF/sam0/drivers/system/system.o
 .debug_line    0x0000b765      0x669 src/ASF/sam0/utils/cmsis/samd21/source/gcc/startup_samd21.o
 .debug_line    0x0000bdce      0xdc4 src/Main.o

.debug_str      0x00000000    0x8a8c5
 .debug_str     0x00000000    0x7fc11 src/ASF/sam0/drivers/sercom/i2c/i2c_samd21_r21_d10_d11_l21/i2c_master.o
                              0x805ca (size before relaxing)
 .debug_str     0x0007fc11     0x1293 src/Calibration.o
                              0x7fc20 (size before relaxing)
 .debug_str     0x00080ea4     0x4281 src/EEProm.o
                              0x849f3 (size before relaxing)
 .debug_str     0x00085125      0x11a src/UserInterface.o
                              0x7f5ce (size before relaxing)
 .debug_str     0x0008523f      0x3bd src/ASF/sam0/drivers/sercom/sercom.o
                              0x7fd7c (size before relaxing)
 .debug_str     0x000855fc      0x58f src/ASF/sam0/drivers/sercom/sercom_interrupt.o
                              0x7fc27 (size before relaxing)
 .debug_str     0x00085b8b      0x154 src/CharLCD.o
                              0x7f481 (size before relaxing)
 .debug_str     0x00085cdf       0x5b src/Delay.o
                              0x7e6ee (size before relaxing)
 .debug_str     0x00085d3a      0x160 src/LCDAdvanced.o
                              0x7f60e (size before relaxing)
 .debug_str     0x00085e9a       0x87 src/MatrixKeypad.o
                              0x7f44a (size before relaxing)
 .debug_str     0x00085f21       0x4a src/S_PORT.o
                              0x7f2a4 (size before relaxing)
 .debug_str     0x00085f6b       0x94 src/ASF/common/utils/interrupt/interrupt_sam_nvic.o
                              0x7e70f (size before relaxing)
 .debug_str     0x00085fff      0x2ed src/ASF/sam0/boards/samd21_xplained_pro/board_init.o
                              0x82212 (size before relaxing)
 .debug_str     0x000862ec       0x53 src/ASF/sam0/drivers/port/port.o
                              0x7ead9 (size before relaxing)
 .debug_str     0x0008633f     0x271e src/ASF/sam0/drivers/system/clock/clock_samd21_r21/clock.o
                              0x8178f (size before relaxing)
 .debug_str     0x00088a5d      0x2d2 src/ASF/sam0/drivers/system/clock/clock_samd21_r21/gclk.o
                              0x7f35e (size before relaxing)
 .debug_str     0x00088d2f      0x130 src/ASF/sam0/drivers/system/pinmux/pinmux.o
                              0x7eb06 (size before relaxing)
 .debug_str     0x00088e5f       0x47 src/ASF/sam0/drivers/system/system.o
                              0x7e794 (size before relaxing)
 .debug_str     0x00088ea6      0xefa src/ASF/sam0/utils/cmsis/samd21/source/gcc/startup_samd21.o
                              0x6d77c (size before relaxing)
 .debug_str     0x00089da0      0xb25 src/Main.o
                              0x857cc (size before relaxing)

.debug_frame    0x00000000     0x10e0
 .debug_frame   0x00000000      0x17c src/ASF/sam0/drivers/sercom/i2c/i2c_samd21_r21_d10_d11_l21/i2c_master.o
 .debug_frame   0x0000017c       0xd0 src/Calibration.o
 .debug_frame   0x0000024c      0x150 src/EEProm.o
 .debug_frame   0x0000039c      0x108 src/UserInterface.o
 .debug_frame   0x000004a4       0xa0 src/ASF/sam0/drivers/sercom/sercom.o
 .debug_frame   0x00000544       0xec src/ASF/sam0/drivers/sercom/sercom_interrupt.o
 .debug_frame   0x00000630      0x278 src/CharLCD.o
 .debug_frame   0x000008a8       0x94 src/Delay.o
 .debug_frame   0x0000093c      0x10c src/LCDAdvanced.o
 .debug_frame   0x00000a48      0x104 src/MatrixKeypad.o
 .debug_frame   0x00000b4c       0x64 src/S_PORT.o
 .debug_frame   0x00000bb0       0x30 src/ASF/common/utils/interrupt/interrupt_sam_nvic.o
 .debug_frame   0x00000be0       0x30 src/ASF/sam0/boards/samd21_xplained_pro/board_init.o
 .debug_frame   0x00000c10       0x44 src/ASF/sam0/drivers/port/port.o
 .debug_frame   0x00000c54      0x150 src/ASF/sam0/drivers/system/clock/clock_samd21_r21/clock.o
 .debug_frame   0x00000da4      0x14c src/ASF/sam0/drivers/system/clock/clock_samd21_r21/gclk.o
 .debug_frame   0x00000ef0       0x7c src/ASF/sam0/drivers/system/pinmux/pinmux.o
 .debug_frame   0x00000f6c       0x38 src/ASF/sam0/drivers/system/system.o
 .debug_frame   0x00000fa4       0x3c src/ASF/sam0/utils/cmsis/samd21/source/gcc/startup_samd21.o
 .debug_frame   0x00000fe0       0xb4 src/Main.o
 .debug_frame   0x00001094       0x20 c:/program files (x86)/atmel/atmel toolchain/arm gcc/native/4.8.1443/arm-gnu-toolchain/bin/../lib/gcc/arm-none-eabi/4.8.4/armv6-m\libgcc.a(_udivsi3.o)
 .debug_frame   0x000010b4       0x2c c:/program files (x86)/atmel/atmel toolchain/arm gcc/native/4.8.1443/arm-gnu-toolchain/bin/../lib/gcc/arm-none-eabi/4.8.4/../../../../arm-none-eabi/lib/armv6-m\libc_s.a(lib_a-init.o)

Cross Reference Table

Symbol                                            File
AC_Handler                                        src/ASF/sam0/utils/cmsis/samd21/source/gcc/startup_samd21.o
ADC_Handler                                       src/ASF/sam0/utils/cmsis/samd21/source/gcc/startup_samd21.o
Absolute_Pres                                     src/Main.o
                                                  src/Calculation.o
                                                  src/Calibration.o
Ambient_PT100                                     src/Main.o
                                                  src/Calculation.o
                                                  src/Calibration.o
AnykeyPulse                                       src/MatrixKeypad.o
                                                  src/Calibration.o
Aux_Temp                                          src/Main.o
                                                  src/Calculation.o
                                                  src/Calibration.o
Cal_AbsEdit                                       src/Calibration.o
Cal_Disp2Points                                   src/Calibration.o
Cal_Edit2Points                                   src/Calibration.o
Calibrate_AbsPres                                 src/Calibration.o
CalibrationMenu                                   src/Calibration.o
CalibrationModeChk                                src/Calibration.o
                                                  src/Main.o
CheckDigitBound                                   src/UserInterface.o
CheckMenuIndexBounds                              src/LCDAdvanced.o
CheckVertPtrBounds                                src/LCDAdvanced.o
ClearKeys                                         src/MatrixKeypad.o
                                                  src/Main.o
CombineDigitstoNumber                             src/UserInterface.o
CombineDigitstoNumber1                            src/UserInterface.o
ComputeEquation_ofall_Sensors                     src/Calculation.o
ComputeIntercept                                  src/Calculation.o
ComputeSlopefrom1point                            src/Calculation.o
ComputeSlopefrom2Point                            src/Calculation.o
Config_Contrast_PWM                               src/Main.o
Config_LCD                                        src/Main.o
Config_MatrixKeypad                               src/MatrixKeypad.o
                                                  src/Main.o
ConfigureGCLKGen                                  src/S_GCLOCK.o
ConfigureSpi                                      src/S_SPI.o
DAC_Handler                                       src/ASF/sam0/utils/cmsis/samd21/source/gcc/startup_samd21.o
DMAC_Handler                                      src/ASF/sam0/utils/cmsis/samd21/source/gcc/startup_samd21.o
DegreeSym                                         src/Main.o
Disp_IntroLcdMsgs                                 src/Main.o
DoAutoZero                                        src/Main.o
DoCalibration                                     src/Calibration.o
Dummy_Handler                                     src/ASF/sam0/utils/cmsis/samd21/source/gcc/startup_samd21.o
EEP_NACK                                          src/EEProm.o
EEP_ReadBit                                       src/EEProm.o
EEP_ReadByte                                      src/EEProm.o
EEP_ReadInt                                       src/EEProm.o
EEP_Reset                                         src/EEProm.o
EEP_WriteBit                                      src/EEProm.o
EEP_WriteByte                                     src/EEProm.o
EEP_WriteInt                                      src/EEProm.o
EEP_timeout                                       src/EEProm.o
EIC_Handler                                       src/ASF/sam0/utils/cmsis/samd21/source/gcc/startup_samd21.o
EVSYS_Handler                                     src/ASF/sam0/utils/cmsis/samd21/source/gcc/startup_samd21.o
EnterKey                                          src/Main.o
                                                  src/MatrixKeypad.o
                                                  src/LCDAdvanced.o
                                                  src/UserInterface.o
                                                  src/Calibration.o
ExtAnalogRead                                     src/ExtADC.o
                                                  src/Main.o
GCLKGen_Divide                                    src/S_GCLOCK.o
GCLKGen_Peripheral                                src/S_GCLOCK.o
                                                  src/Main.o
                                                  src/S_SPI.o
GCLKGen_Source                                    src/S_GCLOCK.o
GetNumDataFromUser                                src/UserInterface.o
                                                  src/Main.o
GetNumDataFromUserWithESC                         src/UserInterface.o
                                                  src/Calibration.o
HardFault_Handler                                 src/ASF/sam0/utils/cmsis/samd21/source/gcc/startup_samd21.o
I2C_State                                         src/EEProm.o
I2S_Handler                                       src/ASF/sam0/utils/cmsis/samd21/source/gcc/startup_samd21.o
KeyDetected                                       src/MatrixKeypad.o
                                                  src/LCDAdvanced.o
                                                  src/UserInterface.o
                                                  src/Calibration.o
Keyscan                                           src/MatrixKeypad.o
                                                  src/Main.o
                                                  src/LCDAdvanced.o
                                                  src/UserInterface.o
                                                  src/Calibration.o
KeyscanWORelese                                   src/MatrixKeypad.o
                                                  src/Calibration.o
LCD_Clrscr                                        src/CharLCD.o
                                                  src/Main.o
                                                  src/Calibration.o
LCD_CmdWrite                                      src/CharLCD.o
LCD_CursorBlink                                   src/CharLCD.o
LCD_CursorOff                                     src/CharLCD.o
                                                  src/Main.o
                                                  src/LCDAdvanced.o
                                                  src/Calibration.o
LCD_CursorOn                                      src/CharLCD.o
                                                  src/Main.o
                                                  src/LCDAdvanced.o
                                                  src/UserInterface.o
LCD_DataWrite                                     src/CharLCD.o
                                                  src/Main.o
                                                  src/LCDAdvanced.o
                                                  src/UserInterface.o
LCD_DispAscii                                     src/CharLCD.o
                                                  src/Main.o
                                                  src/UserInterface.o
LCD_DispFourOptionsIncrementingFrom               src/LCDAdvanced.o
LCD_DispMenuArrow                                 src/LCDAdvanced.o
LCD_DispVariable                                  src/UserInterface.o
                                                  src/Main.o
                                                  src/Calibration.o
LCD_Frame1                                        src/CharLCD.o
                                                  src/Main.o
LCD_Frame2                                        src/CharLCD.o
LCD_FullDisp                                      src/CharLCD.o
                                                  src/Main.o
                                                  src/Calibration.o
LCD_HorizCurPos                                   src/LCDAdvanced.o
LCD_HorizontalScroll                              src/LCDAdvanced.o
                                                  src/Calibration.o
LCD_Init                                          src/CharLCD.o
                                                  src/Main.o
LCD_MenuHandle                                    src/LCDAdvanced.o
                                                  src/Calibration.o
LCD_OneLine                                       src/CharLCD.o
                                                  src/LCDAdvanced.o
                                                  src/Calibration.o
LCD_PowerOff                                      src/CharLCD.o
                                                  src/Main.o
LCD_PowerOn                                       src/CharLCD.o
                                                  src/Main.o
LCD_Print                                         src/CharLCD.o
                                                  src/Main.o
                                                  src/LCDAdvanced.o
                                                  src/EEProm.o
LCD_Putchar                                       src/CharLCD.o
LCD_Setcursor                                     src/CharLCD.o
                                                  src/Main.o
                                                  src/LCDAdvanced.o
                                                  src/UserInterface.o
                                                  src/EEProm.o
LCD_VerticalScroll                                src/LCDAdvanced.o
LCD_build                                         src/CharLCD.o
                                                  src/Main.o
LCD_build2                                        src/CharLCD.o
LoopUntilEnterPressed                             src/MatrixKeypad.o
MSG                                               src/Main.o
NMI_Handler                                       src/ASF/sam0/utils/cmsis/samd21/source/gcc/startup_samd21.o
NVMCTRL_Handler                                   src/ASF/sam0/utils/cmsis/samd21/source/gcc/startup_samd21.o
OrifGas_DP                                        src/Main.o
                                                  src/Calculation.o
                                                  src/Calibration.o
OrifPart_DP                                       src/Main.o
                                                  src/Calculation.o
                                                  src/Calibration.o
Orifice_PT100                                     src/Main.o
                                                  src/Calculation.o
                                                  src/Calibration.o
PILOGO                                            src/Main.o
PM_Handler                                        src/ASF/sam0/utils/cmsis/samd21/source/gcc/startup_samd21.o
PTC_Handler                                       src/ASF/sam0/utils/cmsis/samd21/source/gcc/startup_samd21.o
ParaKey                                           src/Main.o
                                                  src/MatrixKeypad.o
                                                  src/LCDAdvanced.o
                                                  src/UserInterface.o
                                                  src/Calibration.o
PendSV_Handler                                    src/ASF/sam0/utils/cmsis/samd21/source/gcc/startup_samd21.o
Pitot_DP                                          src/Main.o
                                                  src/Calculation.o
                                                  src/Calibration.o
PulseLCD_EN                                       src/CharLCD.o
RTC_Handler                                       src/ASF/sam0/utils/cmsis/samd21/source/gcc/startup_samd21.o
ReleaseKey                                        src/MatrixKeypad.o
                                                  src/LCDAdvanced.o
                                                  src/UserInterface.o
                                                  src/Calibration.o
Reset_Handler                                     src/ASF/sam0/utils/cmsis/samd21/source/gcc/startup_samd21.o
RunKey                                            src/Main.o
                                                  src/MatrixKeypad.o
                                                  src/LCDAdvanced.o
                                                  src/UserInterface.o
                                                  src/Calibration.o
SERCOM0_Handler                                   src/ASF/sam0/drivers/sercom/sercom_interrupt.o
SERCOM1_Handler                                   src/ASF/sam0/drivers/sercom/sercom_interrupt.o
SERCOM2_Handler                                   src/ASF/sam0/drivers/sercom/sercom_interrupt.o
SERCOM3_Handler                                   src/ASF/sam0/drivers/sercom/sercom_interrupt.o
SERCOM4_Handler                                   src/ASF/sam0/drivers/sercom/sercom_interrupt.o
SERCOM5_Handler                                   src/ASF/sam0/drivers/sercom/sercom_interrupt.o
SVC_Handler                                       src/ASF/sam0/utils/cmsis/samd21/source/gcc/startup_samd21.o
SYSCTRL_Handler                                   src/ASF/sam0/utils/cmsis/samd21/source/gcc/startup_samd21.o
Set_LcdContrast                                   src/Main.o
SplitNumbertoDigits                               src/UserInterface.o
Stack_TC                                          src/Main.o
                                                  src/Calculation.o
                                                  src/Calibration.o
StartKey                                          src/Main.o
                                                  src/MatrixKeypad.o
                                                  src/LCDAdvanced.o
                                                  src/UserInterface.o
                                                  src/Calibration.o
StopKey                                           src/Main.o
                                                  src/MatrixKeypad.o
                                                  src/LCDAdvanced.o
                                                  src/UserInterface.o
                                                  src/Calibration.o
SysTick_Handler                                   src/ASF/sam0/utils/cmsis/samd21/source/gcc/startup_samd21.o
SystemCoreClock                                   src/ASF/sam0/utils/cmsis/samd21/source/system_samd21.o
SystemCoreClockUpdate                             src/ASF/sam0/utils/cmsis/samd21/source/system_samd21.o
SystemInit                                        src/ASF/sam0/utils/cmsis/samd21/source/system_samd21.o
TC3_Handler                                       src/ASF/sam0/utils/cmsis/samd21/source/gcc/startup_samd21.o
TC4_Handler                                       src/ASF/sam0/utils/cmsis/samd21/source/gcc/startup_samd21.o
TC5_Handler                                       src/ASF/sam0/utils/cmsis/samd21/source/gcc/startup_samd21.o
TC6_Handler                                       src/ASF/sam0/utils/cmsis/samd21/source/gcc/startup_samd21.o
TC7_Handler                                       src/ASF/sam0/utils/cmsis/samd21/source/gcc/startup_samd21.o
TCC0_Handler                                      src/ASF/sam0/utils/cmsis/samd21/source/gcc/startup_samd21.o
TCC1_Handler                                      src/ASF/sam0/utils/cmsis/samd21/source/gcc/startup_samd21.o
TCC2_Handler                                      src/ASF/sam0/utils/cmsis/samd21/source/gcc/startup_samd21.o
USB_Handler                                       src/ASF/sam0/utils/cmsis/samd21/source/gcc/startup_samd21.o
UpdateKey                                         src/Main.o
                                                  src/MatrixKeypad.o
                                                  src/LCDAdvanced.o
                                                  src/UserInterface.o
                                                  src/Calibration.o
WDT_Handler                                       src/ASF/sam0/utils/cmsis/samd21/source/gcc/startup_samd21.o
WaitforAnyKey                                     src/MatrixKeypad.o
                                                  src/Calibration.o
XOSC32Fail                                        src/ASF/sam0/drivers/system/clock/clock_samd21_r21/clock.o
Zero_Correction                                   src/Calculation.o
_Jv_RegisterClasses                               c:/program files (x86)/atmel/atmel toolchain/arm gcc/native/4.8.1443/arm-gnu-toolchain/bin/../lib/gcc/arm-none-eabi/4.8.4/armv6-m/crtbegin.o
__aeabi_fdiv                                      c:/program files (x86)/atmel/atmel toolchain/arm gcc/native/4.8.1443/arm-gnu-toolchain/bin/../lib/gcc/arm-none-eabi/4.8.4/armv6-m\libgcc.a(divsf3.o)
                                                  src/Calculation.o
__aeabi_fmul                                      c:/program files (x86)/atmel/atmel toolchain/arm gcc/native/4.8.1443/arm-gnu-toolchain/bin/../lib/gcc/arm-none-eabi/4.8.4/armv6-m\libgcc.a(mulsf3.o)
                                                  src/Calculation.o
__aeabi_fsub                                      c:/program files (x86)/atmel/atmel toolchain/arm gcc/native/4.8.1443/arm-gnu-toolchain/bin/../lib/gcc/arm-none-eabi/4.8.4/armv6-m\libgcc.a(subsf3.o)
                                                  src/Calculation.o
__aeabi_i2f                                       c:/program files (x86)/atmel/atmel toolchain/arm gcc/native/4.8.1443/arm-gnu-toolchain/bin/../lib/gcc/arm-none-eabi/4.8.4/armv6-m\libgcc.a(floatsisf.o)
                                                  src/Calculation.o
__aeabi_idiv                                      c:/program files (x86)/atmel/atmel toolchain/arm gcc/native/4.8.1443/arm-gnu-toolchain/bin/../lib/gcc/arm-none-eabi/4.8.4/armv6-m\libgcc.a(_divsi3.o)
                                                  c:/program files (x86)/atmel/atmel toolchain/arm gcc/native/4.8.1443/arm-gnu-toolchain/bin/../lib/gcc/arm-none-eabi/4.8.4/../../../../arm-none-eabi/lib/armv6-m\libc_s.a(lib_a-fvwrite.o)
__aeabi_idiv0                                     c:/program files (x86)/atmel/atmel toolchain/arm gcc/native/4.8.1443/arm-gnu-toolchain/bin/../lib/gcc/arm-none-eabi/4.8.4/armv6-m\libgcc.a(_dvmd_tls.o)
                                                  c:/program files (x86)/atmel/atmel toolchain/arm gcc/native/4.8.1443/arm-gnu-toolchain/bin/../lib/gcc/arm-none-eabi/4.8.4/armv6-m\libgcc.a(_divsi3.o)
                                                  c:/program files (x86)/atmel/atmel toolchain/arm gcc/native/4.8.1443/arm-gnu-toolchain/bin/../lib/gcc/arm-none-eabi/4.8.4/armv6-m\libgcc.a(_udivsi3.o)
__aeabi_idivmod                                   c:/program files (x86)/atmel/atmel toolchain/arm gcc/native/4.8.1443/arm-gnu-toolchain/bin/../lib/gcc/arm-none-eabi/4.8.4/armv6-m\libgcc.a(_divsi3.o)
__aeabi_ldiv0                                     c:/program files (x86)/atmel/atmel toolchain/arm gcc/native/4.8.1443/arm-gnu-toolchain/bin/../lib/gcc/arm-none-eabi/4.8.4/armv6-m\libgcc.a(_dvmd_tls.o)
__aeabi_lmul                                      c:/program files (x86)/atmel/atmel toolchain/arm gcc/native/4.8.1443/arm-gnu-toolchain/bin/../lib/gcc/arm-none-eabi/4.8.4/armv6-m\libgcc.a(_muldi3.o)
                                                  src/ASF/sam0/drivers/sercom/sercom.o
__aeabi_ui2f                                      c:/program files (x86)/atmel/atmel toolchain/arm gcc/native/4.8.1443/arm-gnu-toolchain/bin/../lib/gcc/arm-none-eabi/4.8.4/armv6-m\libgcc.a(floatunsisf.o)
                                                  src/Calculation.o
__aeabi_uidiv                                     c:/program files (x86)/atmel/atmel toolchain/arm gcc/native/4.8.1443/arm-gnu-toolchain/bin/../lib/gcc/arm-none-eabi/4.8.4/armv6-m\libgcc.a(_udivsi3.o)
                                                  c:/program files (x86)/atmel/atmel toolchain/arm gcc/native/4.8.1443/arm-gnu-toolchain/bin/../lib/gcc/arm-none-eabi/4.8.4/../../../../arm-none-eabi/lib/armv6-m\libc_s.a(lib_a-vfprintf_i.o)
                                                  src/ASF/sam0/drivers/system/clock/clock_samd21_r21/gclk.o
                                                  src/ASF/sam0/drivers/system/clock/clock_samd21_r21/clock.o
                                                  src/S_SPI.o
                                                  src/UserInterface.o
                                                  src/ASF/sam0/drivers/sercom/i2c/i2c_samd21_r21_d10_d11_l21/i2c_master.o
__aeabi_uidivmod                                  c:/program files (x86)/atmel/atmel toolchain/arm gcc/native/4.8.1443/arm-gnu-toolchain/bin/../lib/gcc/arm-none-eabi/4.8.4/armv6-m\libgcc.a(_udivsi3.o)
                                                  c:/program files (x86)/atmel/atmel toolchain/arm gcc/native/4.8.1443/arm-gnu-toolchain/bin/../lib/gcc/arm-none-eabi/4.8.4/../../../../arm-none-eabi/lib/armv6-m\libc_s.a(lib_a-vfprintf_i.o)
                                                  src/UserInterface.o
__bss_end__                                       c:/program files (x86)/atmel/atmel toolchain/arm gcc/native/4.8.1443/arm-gnu-toolchain/bin/../lib/gcc/arm-none-eabi/4.8.4/../../../../arm-none-eabi/lib/armv6-m/crt0.o
__bss_start__                                     c:/program files (x86)/atmel/atmel toolchain/arm gcc/native/4.8.1443/arm-gnu-toolchain/bin/../lib/gcc/arm-none-eabi/4.8.4/../../../../arm-none-eabi/lib/armv6-m/crt0.o
__call_exitprocs                                  c:/program files (x86)/atmel/atmel toolchain/arm gcc/native/4.8.1443/arm-gnu-toolchain/bin/../lib/gcc/arm-none-eabi/4.8.4/../../../../arm-none-eabi/lib/armv6-m\libc_s.a(lib_a-exit.o)
__clzsi2                                          c:/program files (x86)/atmel/atmel toolchain/arm gcc/native/4.8.1443/arm-gnu-toolchain/bin/../lib/gcc/arm-none-eabi/4.8.4/armv6-m\libgcc.a(_clzsi2.o)
                                                  c:/program files (x86)/atmel/atmel toolchain/arm gcc/native/4.8.1443/arm-gnu-toolchain/bin/../lib/gcc/arm-none-eabi/4.8.4/armv6-m\libgcc.a(floatunsisf.o)
                                                  c:/program files (x86)/atmel/atmel toolchain/arm gcc/native/4.8.1443/arm-gnu-toolchain/bin/../lib/gcc/arm-none-eabi/4.8.4/armv6-m\libgcc.a(floatsisf.o)
                                                  c:/program files (x86)/atmel/atmel toolchain/arm gcc/native/4.8.1443/arm-gnu-toolchain/bin/../lib/gcc/arm-none-eabi/4.8.4/armv6-m\libgcc.a(subsf3.o)
                                                  c:/program files (x86)/atmel/atmel toolchain/arm gcc/native/4.8.1443/arm-gnu-toolchain/bin/../lib/gcc/arm-none-eabi/4.8.4/armv6-m\libgcc.a(mulsf3.o)
                                                  c:/program files (x86)/atmel/atmel toolchain/arm gcc/native/4.8.1443/arm-gnu-toolchain/bin/../lib/gcc/arm-none-eabi/4.8.4/armv6-m\libgcc.a(divsf3.o)
__deregister_frame_info                           c:/program files (x86)/atmel/atmel toolchain/arm gcc/native/4.8.1443/arm-gnu-toolchain/bin/../lib/gcc/arm-none-eabi/4.8.4/armv6-m/crtbegin.o
__divsi3                                          c:/program files (x86)/atmel/atmel toolchain/arm gcc/native/4.8.1443/arm-gnu-toolchain/bin/../lib/gcc/arm-none-eabi/4.8.4/armv6-m\libgcc.a(_divsi3.o)
__dso_handle                                      c:/program files (x86)/atmel/atmel toolchain/arm gcc/native/4.8.1443/arm-gnu-toolchain/bin/../lib/gcc/arm-none-eabi/4.8.4/armv6-m/crtbegin.o
__fp_lock_all                                     c:/program files (x86)/atmel/atmel toolchain/arm gcc/native/4.8.1443/arm-gnu-toolchain/bin/../lib/gcc/arm-none-eabi/4.8.4/../../../../arm-none-eabi/lib/armv6-m\libc_s.a(lib_a-findfp.o)
__fp_unlock_all                                   c:/program files (x86)/atmel/atmel toolchain/arm gcc/native/4.8.1443/arm-gnu-toolchain/bin/../lib/gcc/arm-none-eabi/4.8.4/../../../../arm-none-eabi/lib/armv6-m\libc_s.a(lib_a-findfp.o)
__init_array_end                                  c:/program files (x86)/atmel/atmel toolchain/arm gcc/native/4.8.1443/arm-gnu-toolchain/bin/../lib/gcc/arm-none-eabi/4.8.4/../../../../arm-none-eabi/lib/armv6-m\libc_s.a(lib_a-init.o)
__init_array_start                                c:/program files (x86)/atmel/atmel toolchain/arm gcc/native/4.8.1443/arm-gnu-toolchain/bin/../lib/gcc/arm-none-eabi/4.8.4/../../../../arm-none-eabi/lib/armv6-m\libc_s.a(lib_a-init.o)
__libc_fini_array                                 c:/program files (x86)/atmel/atmel toolchain/arm gcc/native/4.8.1443/arm-gnu-toolchain/bin/../lib/gcc/arm-none-eabi/4.8.4/../../../../arm-none-eabi/lib/armv6-m/crt0.o
__libc_init_array                                 c:/program files (x86)/atmel/atmel toolchain/arm gcc/native/4.8.1443/arm-gnu-toolchain/bin/../lib/gcc/arm-none-eabi/4.8.4/../../../../arm-none-eabi/lib/armv6-m\libc_s.a(lib_a-init.o)
                                                  src/ASF/sam0/utils/cmsis/samd21/source/gcc/startup_samd21.o
                                                  c:/program files (x86)/atmel/atmel toolchain/arm gcc/native/4.8.1443/arm-gnu-toolchain/bin/../lib/gcc/arm-none-eabi/4.8.4/../../../../arm-none-eabi/lib/armv6-m/crt0.o
__malloc_free_list                                c:/program files (x86)/atmel/atmel toolchain/arm gcc/native/4.8.1443/arm-gnu-toolchain/bin/../lib/gcc/arm-none-eabi/4.8.4/../../../../arm-none-eabi/lib/armv6-m\libc_s.a(lib_a-nano-mallocr.o)
                                                  c:/program files (x86)/atmel/atmel toolchain/arm gcc/native/4.8.1443/arm-gnu-toolchain/bin/../lib/gcc/arm-none-eabi/4.8.4/../../../../arm-none-eabi/lib/armv6-m\libc_s.a(lib_a-nano-freer.o)
__malloc_sbrk_start                               c:/program files (x86)/atmel/atmel toolchain/arm gcc/native/4.8.1443/arm-gnu-toolchain/bin/../lib/gcc/arm-none-eabi/4.8.4/../../../../arm-none-eabi/lib/armv6-m\libc_s.a(lib_a-nano-mallocr.o)
__muldi3                                          c:/program files (x86)/atmel/atmel toolchain/arm gcc/native/4.8.1443/arm-gnu-toolchain/bin/../lib/gcc/arm-none-eabi/4.8.4/armv6-m\libgcc.a(_muldi3.o)
__preinit_array_end                               c:/program files (x86)/atmel/atmel toolchain/arm gcc/native/4.8.1443/arm-gnu-toolchain/bin/../lib/gcc/arm-none-eabi/4.8.4/../../../../arm-none-eabi/lib/armv6-m\libc_s.a(lib_a-init.o)
__preinit_array_start                             c:/program files (x86)/atmel/atmel toolchain/arm gcc/native/4.8.1443/arm-gnu-toolchain/bin/../lib/gcc/arm-none-eabi/4.8.4/../../../../arm-none-eabi/lib/armv6-m\libc_s.a(lib_a-init.o)
__register_frame_info                             c:/program files (x86)/atmel/atmel toolchain/arm gcc/native/4.8.1443/arm-gnu-toolchain/bin/../lib/gcc/arm-none-eabi/4.8.4/armv6-m/crtbegin.o
__sclose                                          c:/program files (x86)/atmel/atmel toolchain/arm gcc/native/4.8.1443/arm-gnu-toolchain/bin/../lib/gcc/arm-none-eabi/4.8.4/../../../../arm-none-eabi/lib/armv6-m\libc_s.a(lib_a-stdio.o)
                                                  c:/program files (x86)/atmel/atmel toolchain/arm gcc/native/4.8.1443/arm-gnu-toolchain/bin/../lib/gcc/arm-none-eabi/4.8.4/../../../../arm-none-eabi/lib/armv6-m\libc_s.a(lib_a-findfp.o)
__seofread                                        c:/program files (x86)/atmel/atmel toolchain/arm gcc/native/4.8.1443/arm-gnu-toolchain/bin/../lib/gcc/arm-none-eabi/4.8.4/../../../../arm-none-eabi/lib/armv6-m\libc_s.a(lib_a-stdio.o)
__sf_fake_stderr                                  c:/program files (x86)/atmel/atmel toolchain/arm gcc/native/4.8.1443/arm-gnu-toolchain/bin/../lib/gcc/arm-none-eabi/4.8.4/../../../../arm-none-eabi/lib/armv6-m\libc_s.a(lib_a-findfp.o)
                                                  c:/program files (x86)/atmel/atmel toolchain/arm gcc/native/4.8.1443/arm-gnu-toolchain/bin/../lib/gcc/arm-none-eabi/4.8.4/../../../../arm-none-eabi/lib/armv6-m\libc_s.a(lib_a-fflush.o)
                                                  c:/program files (x86)/atmel/atmel toolchain/arm gcc/native/4.8.1443/arm-gnu-toolchain/bin/../lib/gcc/arm-none-eabi/4.8.4/../../../../arm-none-eabi/lib/armv6-m\libc_s.a(lib_a-wsetup.o)
                                                  c:/program files (x86)/atmel/atmel toolchain/arm gcc/native/4.8.1443/arm-gnu-toolchain/bin/../lib/gcc/arm-none-eabi/4.8.4/../../../../arm-none-eabi/lib/armv6-m\libc_s.a(lib_a-wbuf.o)
                                                  c:/program files (x86)/atmel/atmel toolchain/arm gcc/native/4.8.1443/arm-gnu-toolchain/bin/../lib/gcc/arm-none-eabi/4.8.4/../../../../arm-none-eabi/lib/armv6-m\libc_s.a(lib_a-vfprintf.o)
                                                  c:/program files (x86)/atmel/atmel toolchain/arm gcc/native/4.8.1443/arm-gnu-toolchain/bin/../lib/gcc/arm-none-eabi/4.8.4/../../../../arm-none-eabi/lib/armv6-m\libc_s.a(lib_a-impure.o)
__sf_fake_stdin                                   c:/program files (x86)/atmel/atmel toolchain/arm gcc/native/4.8.1443/arm-gnu-toolchain/bin/../lib/gcc/arm-none-eabi/4.8.4/../../../../arm-none-eabi/lib/armv6-m\libc_s.a(lib_a-findfp.o)
                                                  c:/program files (x86)/atmel/atmel toolchain/arm gcc/native/4.8.1443/arm-gnu-toolchain/bin/../lib/gcc/arm-none-eabi/4.8.4/../../../../arm-none-eabi/lib/armv6-m\libc_s.a(lib_a-fflush.o)
                                                  c:/program files (x86)/atmel/atmel toolchain/arm gcc/native/4.8.1443/arm-gnu-toolchain/bin/../lib/gcc/arm-none-eabi/4.8.4/../../../../arm-none-eabi/lib/armv6-m\libc_s.a(lib_a-wsetup.o)
                                                  c:/program files (x86)/atmel/atmel toolchain/arm gcc/native/4.8.1443/arm-gnu-toolchain/bin/../lib/gcc/arm-none-eabi/4.8.4/../../../../arm-none-eabi/lib/armv6-m\libc_s.a(lib_a-wbuf.o)
                                                  c:/program files (x86)/atmel/atmel toolchain/arm gcc/native/4.8.1443/arm-gnu-toolchain/bin/../lib/gcc/arm-none-eabi/4.8.4/../../../../arm-none-eabi/lib/armv6-m\libc_s.a(lib_a-vfprintf.o)
                                                  c:/program files (x86)/atmel/atmel toolchain/arm gcc/native/4.8.1443/arm-gnu-toolchain/bin/../lib/gcc/arm-none-eabi/4.8.4/../../../../arm-none-eabi/lib/armv6-m\libc_s.a(lib_a-impure.o)
__sf_fake_stdout                                  c:/program files (x86)/atmel/atmel toolchain/arm gcc/native/4.8.1443/arm-gnu-toolchain/bin/../lib/gcc/arm-none-eabi/4.8.4/../../../../arm-none-eabi/lib/armv6-m\libc_s.a(lib_a-findfp.o)
                                                  c:/program files (x86)/atmel/atmel toolchain/arm gcc/native/4.8.1443/arm-gnu-toolchain/bin/../lib/gcc/arm-none-eabi/4.8.4/../../../../arm-none-eabi/lib/armv6-m\libc_s.a(lib_a-fflush.o)
                                                  c:/program files (x86)/atmel/atmel toolchain/arm gcc/native/4.8.1443/arm-gnu-toolchain/bin/../lib/gcc/arm-none-eabi/4.8.4/../../../../arm-none-eabi/lib/armv6-m\libc_s.a(lib_a-wsetup.o)
                                                  c:/program files (x86)/atmel/atmel toolchain/arm gcc/native/4.8.1443/arm-gnu-toolchain/bin/../lib/gcc/arm-none-eabi/4.8.4/../../../../arm-none-eabi/lib/armv6-m\libc_s.a(lib_a-wbuf.o)
                                                  c:/program files (x86)/atmel/atmel toolchain/arm gcc/native/4.8.1443/arm-gnu-toolchain/bin/../lib/gcc/arm-none-eabi/4.8.4/../../../../arm-none-eabi/lib/armv6-m\libc_s.a(lib_a-vfprintf.o)
                                                  c:/program files (x86)/atmel/atmel toolchain/arm gcc/native/4.8.1443/arm-gnu-toolchain/bin/../lib/gcc/arm-none-eabi/4.8.4/../../../../arm-none-eabi/lib/armv6-m\libc_s.a(lib_a-impure.o)
__sflush_r                                        c:/program files (x86)/atmel/atmel toolchain/arm gcc/native/4.8.1443/arm-gnu-toolchain/bin/../lib/gcc/arm-none-eabi/4.8.4/../../../../arm-none-eabi/lib/armv6-m\libc_s.a(lib_a-fflush.o)
__sfmoreglue                                      c:/program files (x86)/atmel/atmel toolchain/arm gcc/native/4.8.1443/arm-gnu-toolchain/bin/../lib/gcc/arm-none-eabi/4.8.4/../../../../arm-none-eabi/lib/armv6-m\libc_s.a(lib_a-findfp.o)
__sfp                                             c:/program files (x86)/atmel/atmel toolchain/arm gcc/native/4.8.1443/arm-gnu-toolchain/bin/../lib/gcc/arm-none-eabi/4.8.4/../../../../arm-none-eabi/lib/armv6-m\libc_s.a(lib_a-findfp.o)
__sfp_lock_acquire                                c:/program files (x86)/atmel/atmel toolchain/arm gcc/native/4.8.1443/arm-gnu-toolchain/bin/../lib/gcc/arm-none-eabi/4.8.4/../../../../arm-none-eabi/lib/armv6-m\libc_s.a(lib_a-findfp.o)
__sfp_lock_release                                c:/program files (x86)/atmel/atmel toolchain/arm gcc/native/4.8.1443/arm-gnu-toolchain/bin/../lib/gcc/arm-none-eabi/4.8.4/../../../../arm-none-eabi/lib/armv6-m\libc_s.a(lib_a-findfp.o)
__sfputs_r                                        c:/program files (x86)/atmel/atmel toolchain/arm gcc/native/4.8.1443/arm-gnu-toolchain/bin/../lib/gcc/arm-none-eabi/4.8.4/../../../../arm-none-eabi/lib/armv6-m\libc_s.a(lib_a-vfprintf.o)
__sfvwrite_r                                      c:/program files (x86)/atmel/atmel toolchain/arm gcc/native/4.8.1443/arm-gnu-toolchain/bin/../lib/gcc/arm-none-eabi/4.8.4/../../../../arm-none-eabi/lib/armv6-m\libc_s.a(lib_a-fvwrite.o)
                                                  c:/program files (x86)/atmel/atmel toolchain/arm gcc/native/4.8.1443/arm-gnu-toolchain/bin/../lib/gcc/arm-none-eabi/4.8.4/../../../../arm-none-eabi/lib/armv6-m\libc_s.a(lib_a-vfprintf.o)
__sinit                                           c:/program files (x86)/atmel/atmel toolchain/arm gcc/native/4.8.1443/arm-gnu-toolchain/bin/../lib/gcc/arm-none-eabi/4.8.4/../../../../arm-none-eabi/lib/armv6-m\libc_s.a(lib_a-findfp.o)